Archive member included to satisfy reference by file (symbol)

D:/code/ESP8266_RTOS_SDK-master/examples/user_examples/deli_scan/build/bootloader/main\libmain.a(bootloader_start.o)
                              (call_start_cpu)
D:/code/ESP8266_RTOS_SDK-master/examples/user_examples/deli_scan/build/bootloader/bootloader_support\libbootloader_support.a(bootloader_utility.o)
                              D:/code/ESP8266_RTOS_SDK-master/examples/user_examples/deli_scan/build/bootloader/main\libmain.a(bootloader_start.o) (bootloader_utility_load_partition_table)
D:/code/ESP8266_RTOS_SDK-master/examples/user_examples/deli_scan/build/bootloader/bootloader_support\libbootloader_support.a(bootloader_init.o)
                              D:/code/ESP8266_RTOS_SDK-master/examples/user_examples/deli_scan/build/bootloader/main\libmain.a(bootloader_start.o) (bootloader_init)
D:/code/ESP8266_RTOS_SDK-master/examples/user_examples/deli_scan/build/bootloader/bootloader_support\libbootloader_support.a(bootloader_flash.o)
                              D:/code/ESP8266_RTOS_SDK-master/examples/user_examples/deli_scan/build/bootloader/bootloader_support\libbootloader_support.a(bootloader_utility.o) (bootloader_mmap)
D:/code/ESP8266_RTOS_SDK-master/examples/user_examples/deli_scan/build/bootloader/bootloader_support\libbootloader_support.a(esp_image_format.o)
                              D:/code/ESP8266_RTOS_SDK-master/examples/user_examples/deli_scan/build/bootloader/bootloader_support\libbootloader_support.a(bootloader_utility.o) (esp_image_load)
D:/code/ESP8266_RTOS_SDK-master/examples/user_examples/deli_scan/build/bootloader/bootloader_support\libbootloader_support.a(flash_partitions.o)
                              D:/code/ESP8266_RTOS_SDK-master/examples/user_examples/deli_scan/build/bootloader/bootloader_support\libbootloader_support.a(bootloader_utility.o) (esp_partition_table_basic_verify)
D:/code/ESP8266_RTOS_SDK-master/examples/user_examples/deli_scan/build/bootloader/bootloader_support\libbootloader_support.a(bootloader_common.o)
                              D:/code/ESP8266_RTOS_SDK-master/examples/user_examples/deli_scan/build/bootloader/bootloader_support\libbootloader_support.a(bootloader_utility.o) (bootloader_common_ota_select_valid)
D:/code/ESP8266_RTOS_SDK-master/examples/user_examples/deli_scan/build/bootloader/spi_flash\libspi_flash.a(spi_flash.o)
                              D:/code/ESP8266_RTOS_SDK-master/examples/user_examples/deli_scan/build/bootloader/bootloader_support\libbootloader_support.a(flash_partitions.o) (g_rom_flashchip)
D:/code/ESP8266_RTOS_SDK-master/examples/user_examples/deli_scan/build/bootloader/spi_flash\libspi_flash.a(spi_flash_raw.o)
                              D:/code/ESP8266_RTOS_SDK-master/examples/user_examples/deli_scan/build/bootloader/spi_flash\libspi_flash.a(spi_flash.o) (spi_flash_get_id_raw)
D:/code/ESP8266_RTOS_SDK-master/examples/user_examples/deli_scan/build/bootloader/spi_flash\libspi_flash.a(port.o)
                              D:/code/ESP8266_RTOS_SDK-master/examples/user_examples/deli_scan/build/bootloader/bootloader_support\libbootloader_support.a(bootloader_utility.o) (esp_patition_table_init_location)
D:/code/ESP8266_RTOS_SDK-master/examples/user_examples/deli_scan/build/bootloader/log\liblog.a(log.o)
                              D:/code/ESP8266_RTOS_SDK-master/examples/user_examples/deli_scan/build/bootloader/bootloader_support\libbootloader_support.a(bootloader_common.o) (esp_log_early_timestamp)
D:/code/ESP8266_RTOS_SDK-master/examples/user_examples/deli_scan/build/bootloader/esp8266\libesp8266.a(ets_printf.o)
                              D:/code/ESP8266_RTOS_SDK-master/examples/user_examples/deli_scan/build/bootloader/log\liblog.a(log.o) (ets_vprintf)
D:/code/ESP8266_RTOS_SDK-master/examples/user_examples/deli_scan/build/bootloader/util\libutil.a(crc.o)
                              D:/code/ESP8266_RTOS_SDK-master/examples/user_examples/deli_scan/build/bootloader/bootloader_support\libbootloader_support.a(bootloader_common.o) (crc32_le)
D:/code/ESP8266_RTOS_SDK/components/esp8266/lib\libcore.a(phy.o)
                              D:/code/ESP8266_RTOS_SDK-master/examples/user_examples/deli_scan/build/bootloader/bootloader_support\libbootloader_support.a(bootloader_init.o) (phy_reg_default)
D:/code/ESP8266_RTOS_SDK/components/esp8266/lib\libcore.a(uart.o)
                              D:/code/ESP8266_RTOS_SDK-master/examples/user_examples/deli_scan/build/bootloader/bootloader_support\libbootloader_support.a(bootloader_init.o) (uart_div_modify)

Allocating common symbols
Common symbol       size              file

esp_image_spi_freq_t
                    0x4               D:/code/ESP8266_RTOS_SDK-master/examples/user_examples/deli_scan/build/bootloader/main\libmain.a(bootloader_start.o)

Discarded input sections

[...]
Memory Configuration

Name             Origin             Length             Attributes
dport0_seg       0x3ff00000         0x00000010
dram_seg         0x3ffe8000         0x00017c00
iram_seg         0x40100000         0x00008000
*default*        0x00000000         0xffffffff

Linker script and memory map

START GROUP
LOAD D:/code/ESP8266_RTOS_SDK-master/examples/user_examples/deli_scan/build/bootloader/main\libmain.a
LOAD D:/code/ESP8266_RTOS_SDK/components/esp8266/lib\libcore.a
LOAD D:/code/ESP8266_RTOS_SDK-master/examples/user_examples/deli_scan/build/bootloader/bootloader_support\libbootloader_support.a
LOAD D:/code/ESP8266_RTOS_SDK-master/examples/user_examples/deli_scan/build/bootloader/spi_flash\libspi_flash.a
LOAD D:/code/ESP8266_RTOS_SDK-master/examples/user_examples/deli_scan/build/bootloader/log\liblog.a
LOAD D:/code/ESP8266_RTOS_SDK-master/examples/user_examples/deli_scan/build/bootloader/esp8266\libesp8266.a
LOAD D:/code/ESP8266_RTOS_SDK-master/examples/user_examples/deli_scan/build/bootloader/util\libutil.a
LOAD D:/code/ESP8266_RTOS_SDK/components/esp8266/lib\libgcc.a
LOAD c:/msys32/opt/xtensa-lx106-elf/bin/../xtensa-lx106-elf/sysroot/lib\libstdc++.a
LOAD c:/msys32/opt/xtensa-lx106-elf/bin/../lib/gcc/xtensa-lx106-elf/5.2.0\libgcov.a
END GROUP

.text           0x40100000     0x234e
                0x40100000                _stext = .
                0x40100000                _text_start = ABSOLUTE (.)
                0x40100000                . = ALIGN (0x10)
 *(.entry.text)
 *(.init.literal)
 *(.init)
 *(.literal .text .literal.* .text.* .stub .gnu.warning .gnu.linkonce.literal.* .gnu.linkonce.t.*.literal .gnu.linkonce.t.*)
 .literal.selected_boot_partition
                0x40100000        0x0 D:/code/ESP8266_RTOS_SDK-master/examples/user_examples/deli_scan/build/bootloader/main\libmain.a(bootloader_start.o)
                                  0x4 (size before relaxing)
 .literal.select_image
                0x40100000        0xc D:/code/ESP8266_RTOS_SDK-master/examples/user_examples/deli_scan/build/bootloader/main\libmain.a(bootloader_start.o)
                                 0x1c (size before relaxing)
 .literal.call_start_cpu
                0x4010000c        0x0 D:/code/ESP8266_RTOS_SDK-master/examples/user_examples/deli_scan/build/bootloader/main\libmain.a(bootloader_start.o)
                                  0xc (size before relaxing)
 .literal.log_invalid_app_partition
                0x4010000c       0x14 D:/code/ESP8266_RTOS_SDK-master/examples/user_examples/deli_scan/build/bootloader/bootloader_support\libbootloader_support.a(bootloader_utility.o)
                                 0x20 (size before relaxing)
 .literal.try_load_partition
                0x40100020        0x4 D:/code/ESP8266_RTOS_SDK-master/examples/user_examples/deli_scan/build/bootloader/bootloader_support\libbootloader_support.a(bootloader_utility.o)
                                 0x10 (size before relaxing)
 .literal.bootloader_utility_load_partition_table
                0x40100024       0x54 D:/code/ESP8266_RTOS_SDK-master/examples/user_examples/deli_scan/build/bootloader/bootloader_support\libbootloader_support.a(bootloader_utility.o)
                                 0x8c (size before relaxing)
 .literal.bootloader_utility_get_selected_boot_partition
                0x40100078       0x1c D:/code/ESP8266_RTOS_SDK-master/examples/user_examples/deli_scan/build/bootloader/bootloader_support\libbootloader_support.a(bootloader_utility.o)
                                 0x5c (size before relaxing)
 .literal.bootloader_utility_load_boot_image
                0x40100094        0xc D:/code/ESP8266_RTOS_SDK-master/examples/user_examples/deli_scan/build/bootloader/bootloader_support\libbootloader_support.a(bootloader_utility.o)
                                 0x40 (size before relaxing)
 .literal.bootloader_utility_load_image
                0x401000a0        0x0 D:/code/ESP8266_RTOS_SDK-master/examples/user_examples/deli_scan/build/bootloader/bootloader_support\libbootloader_support.a(bootloader_utility.o)
                                  0x4 (size before relaxing)
 .literal.print_flash_info
                0x401000a0       0x48 D:/code/ESP8266_RTOS_SDK-master/examples/user_examples/deli_scan/build/bootloader/bootloader_support\libbootloader_support.a(bootloader_init.o)
                                 0x54 (size before relaxing)
 .literal.uart_console_configure
                0x401000e8        0x0 D:/code/ESP8266_RTOS_SDK-master/examples/user_examples/deli_scan/build/bootloader/bootloader_support\libbootloader_support.a(bootloader_init.o)
                                  0x4 (size before relaxing)
 .literal.update_flash_config
                0x401000e8        0x4 D:/code/ESP8266_RTOS_SDK-master/examples/user_examples/deli_scan/build/bootloader/bootloader_support\libbootloader_support.a(bootloader_init.o)
                                  0x8 (size before relaxing)
 .literal.bootloader_main
                0x401000ec       0x10 D:/code/ESP8266_RTOS_SDK-master/examples/user_examples/deli_scan/build/bootloader/bootloader_support\libbootloader_support.a(bootloader_init.o)
                                 0x34 (size before relaxing)
 .literal.bootloader_init
                0x401000fc        0x8 D:/code/ESP8266_RTOS_SDK-master/examples/user_examples/deli_scan/build/bootloader/bootloader_support\libbootloader_support.a(bootloader_init.o)
                                 0x10 (size before relaxing)
 .literal.bootloader_flash_read_no_decrypt
                0x40100104        0x4 D:/code/ESP8266_RTOS_SDK-master/examples/user_examples/deli_scan/build/bootloader/bootloader_support\libbootloader_support.a(bootloader_flash.o)
 .literal.bootloader_mmap
                0x40100108       0x30 D:/code/ESP8266_RTOS_SDK-master/examples/user_examples/deli_scan/build/bootloader/bootloader_support\libbootloader_support.a(bootloader_flash.o)
                                 0x3c (size before relaxing)
 .literal.bootloader_munmap
                0x40100138        0x0 D:/code/ESP8266_RTOS_SDK-master/examples/user_examples/deli_scan/build/bootloader/bootloader_support\libbootloader_support.a(bootloader_flash.o)
                                  0x8 (size before relaxing)
 .literal.bootloader_flash_read
                0x40100138        0xc D:/code/ESP8266_RTOS_SDK-master/examples/user_examples/deli_scan/build/bootloader/bootloader_support\libbootloader_support.a(bootloader_flash.o)
                                 0x20 (size before relaxing)
 .literal.should_map
                0x40100144        0x4 D:/code/ESP8266_RTOS_SDK-master/examples/user_examples/deli_scan/build/bootloader/bootloader_support\libbootloader_support.a(esp_image_format.o)
                                  0x8 (size before relaxing)
 .literal.should_load
                0x40100148        0x0 D:/code/ESP8266_RTOS_SDK-master/examples/user_examples/deli_scan/build/bootloader/bootloader_support\libbootloader_support.a(esp_image_format.o)
                                  0x4 (size before relaxing)
 .literal.verify_image_header
                0x40100148       0x14 D:/code/ESP8266_RTOS_SDK-master/examples/user_examples/deli_scan/build/bootloader/bootloader_support\libbootloader_support.a(esp_image_format.o)
                                 0x20 (size before relaxing)
 .literal.process_segment_data
                0x4010015c        0x8 D:/code/ESP8266_RTOS_SDK-master/examples/user_examples/deli_scan/build/bootloader/bootloader_support\libbootloader_support.a(esp_image_format.o)
                                 0x14 (size before relaxing)
 .literal.verify_checksum
                0x40100164        0x8 D:/code/ESP8266_RTOS_SDK-master/examples/user_examples/deli_scan/build/bootloader/bootloader_support\libbootloader_support.a(esp_image_format.o)
                                 0x1c (size before relaxing)
 .literal.process_segment
                0x4010016c       0x18 D:/code/ESP8266_RTOS_SDK-master/examples/user_examples/deli_scan/build/bootloader/bootloader_support\libbootloader_support.a(esp_image_format.o)
                                 0x40 (size before relaxing)
 .literal.esp_image_load
                0x40100184       0x14 D:/code/ESP8266_RTOS_SDK-master/examples/user_examples/deli_scan/build/bootloader/bootloader_support\libbootloader_support.a(esp_image_format.o)
                                 0x44 (size before relaxing)
 .literal.esp_partition_table_basic_verify
                0x40100198       0x1c D:/code/ESP8266_RTOS_SDK-master/examples/user_examples/deli_scan/build/bootloader/bootloader_support\libbootloader_support.a(flash_partitions.o)
                                 0x2c (size before relaxing)
 .literal.bootloader_common_ota_select_crc
                0x401001b4        0x0 D:/code/ESP8266_RTOS_SDK-master/examples/user_examples/deli_scan/build/bootloader/bootloader_support\libbootloader_support.a(bootloader_common.o)
                                  0x4 (size before relaxing)
 .literal.bootloader_common_ota_select_valid
                0x401001b4        0x0 D:/code/ESP8266_RTOS_SDK-master/examples/user_examples/deli_scan/build/bootloader/bootloader_support\libbootloader_support.a(bootloader_common.o)
                                  0x4 (size before relaxing)
 .literal.spi_user_cmd
                0x401001b4        0x4 D:/code/ESP8266_RTOS_SDK-master/examples/user_examples/deli_scan/build/bootloader/spi_flash\libspi_flash.a(spi_flash.o)
                                  0xc (size before relaxing)
 .literal.special_flash_read_status
                0x401001b8        0x0 D:/code/ESP8266_RTOS_SDK-master/examples/user_examples/deli_scan/build/bootloader/spi_flash\libspi_flash.a(spi_flash.o)
                                  0x4 (size before relaxing)
 .literal.flash_gd25q32c_read_status
                0x401001b8        0x0 D:/code/ESP8266_RTOS_SDK-master/examples/user_examples/deli_scan/build/bootloader/spi_flash\libspi_flash.a(spi_flash.o)
                                  0x4 (size before relaxing)
 .literal.special_flash_write_status
                0x401001b8        0x0 D:/code/ESP8266_RTOS_SDK-master/examples/user_examples/deli_scan/build/bootloader/spi_flash\libspi_flash.a(spi_flash.o)
                                  0x8 (size before relaxing)
 .literal.spi_flash_enable_qio_bit6
                0x401001b8        0x0 D:/code/ESP8266_RTOS_SDK-master/examples/user_examples/deli_scan/build/bootloader/spi_flash\libspi_flash.a(spi_flash.o)
                                  0x4 (size before relaxing)
 .literal.flash_gd25q32c_write_status
                0x401001b8        0x0 D:/code/ESP8266_RTOS_SDK-master/examples/user_examples/deli_scan/build/bootloader/spi_flash\libspi_flash.a(spi_flash.o)
                                  0x4 (size before relaxing)
 .literal.flash_gd25q32c_enable_QIO_mode
                0x401001b8        0x0 D:/code/ESP8266_RTOS_SDK-master/examples/user_examples/deli_scan/build/bootloader/spi_flash\libspi_flash.a(spi_flash.o)
                                  0xc (size before relaxing)
 .literal.en25q16x_read_sfdp
                0x401001b8        0x4 D:/code/ESP8266_RTOS_SDK-master/examples/user_examples/deli_scan/build/bootloader/spi_flash\libspi_flash.a(spi_flash.o)
                                  0x8 (size before relaxing)
 .literal.spi_flash_get_id
                0x401001bc        0x0 D:/code/ESP8266_RTOS_SDK-master/examples/user_examples/deli_scan/build/bootloader/spi_flash\libspi_flash.a(spi_flash.o)
                                  0xc (size before relaxing)
 .literal.spi_flash_read_status
                0x401001bc        0x0 D:/code/ESP8266_RTOS_SDK-master/examples/user_examples/deli_scan/build/bootloader/spi_flash\libspi_flash.a(spi_flash.o)
                                  0xc (size before relaxing)
 .literal.spi_flash_issi_enable_QIO_mode
                0x401001bc        0x0 D:/code/ESP8266_RTOS_SDK-master/examples/user_examples/deli_scan/build/bootloader/spi_flash\libspi_flash.a(spi_flash.o)
                                  0xc (size before relaxing)
 .literal.special_flash_set_mode
                0x401001bc        0x0 D:/code/ESP8266_RTOS_SDK-master/examples/user_examples/deli_scan/build/bootloader/spi_flash\libspi_flash.a(spi_flash.o)
                                  0x8 (size before relaxing)
 .literal.en25q16x_write_volatile_status
                0x401001bc        0x0 D:/code/ESP8266_RTOS_SDK-master/examples/user_examples/deli_scan/build/bootloader/spi_flash\libspi_flash.a(spi_flash.o)
                                 0x14 (size before relaxing)
 .literal.user_spi_flash_dio_to_qio_pre_init
                0x401001bc        0xc D:/code/ESP8266_RTOS_SDK-master/examples/user_examples/deli_scan/build/bootloader/spi_flash\libspi_flash.a(spi_flash.o)
                                 0x30 (size before relaxing)
 .literal.esp_spi_flash_init
                0x401001c8       0x20 D:/code/ESP8266_RTOS_SDK-master/examples/user_examples/deli_scan/build/bootloader/spi_flash\libspi_flash.a(spi_flash.o)
                                 0x28 (size before relaxing)
 .literal.Cache_Read_Disable_2
                0x401001e8        0xc D:/code/ESP8266_RTOS_SDK-master/examples/user_examples/deli_scan/build/bootloader/spi_flash\libspi_flash.a(spi_flash_raw.o)
                                 0x10 (size before relaxing)
 .literal.Cache_Read_Enable_2
                0x401001f4        0x4 D:/code/ESP8266_RTOS_SDK-master/examples/user_examples/deli_scan/build/bootloader/spi_flash\libspi_flash.a(spi_flash_raw.o)
                                  0xc (size before relaxing)
 .literal.spi_flash_get_id_raw
                0x401001f8       0x10 D:/code/ESP8266_RTOS_SDK-master/examples/user_examples/deli_scan/build/bootloader/spi_flash\libspi_flash.a(spi_flash_raw.o)
                                 0x1c (size before relaxing)
 .literal.spi_flash_read_status_raw
                0x40100208        0x4 D:/code/ESP8266_RTOS_SDK-master/examples/user_examples/deli_scan/build/bootloader/spi_flash\libspi_flash.a(spi_flash_raw.o)
                                  0xc (size before relaxing)
 .literal.spi_flash_enable_qmode_raw
                0x4010020c        0x4 D:/code/ESP8266_RTOS_SDK-master/examples/user_examples/deli_scan/build/bootloader/spi_flash\libspi_flash.a(spi_flash_raw.o)
                                 0x10 (size before relaxing)
 .literal.spi_user_cmd_raw
                0x40100210       0x64 D:/code/ESP8266_RTOS_SDK-master/examples/user_examples/deli_scan/build/bootloader/spi_flash\libspi_flash.a(spi_flash_raw.o)
                                 0x8c (size before relaxing)
 .literal.spi_flash_switch_to_qio_raw
                0x40100274        0x8 D:/code/ESP8266_RTOS_SDK-master/examples/user_examples/deli_scan/build/bootloader/spi_flash\libspi_flash.a(spi_flash_raw.o)
                                  0xc (size before relaxing)
 .literal.esp_hw_reset
                0x4010027c       0x10 D:/code/ESP8266_RTOS_SDK-master/examples/user_examples/deli_scan/build/bootloader/spi_flash\libspi_flash.a(port.o)
 .literal.esp_hw_feed_wdt
                0x4010028c        0x0 D:/code/ESP8266_RTOS_SDK-master/examples/user_examples/deli_scan/build/bootloader/spi_flash\libspi_flash.a(port.o)
                                  0x4 (size before relaxing)
 .literal.spi_flash_read_data
                0x4010028c       0x10 D:/code/ESP8266_RTOS_SDK-master/examples/user_examples/deli_scan/build/bootloader/spi_flash\libspi_flash.a(port.o)
                                 0x18 (size before relaxing)
 .literal.esp_sdk_update_from_v2
                0x4010029c        0x8 D:/code/ESP8266_RTOS_SDK-master/examples/user_examples/deli_scan/build/bootloader/spi_flash\libspi_flash.a(port.o)
                                 0x18 (size before relaxing)
 .literal.get_v2_flash_map_size
                0x401002a4       0x1c D:/code/ESP8266_RTOS_SDK-master/examples/user_examples/deli_scan/build/bootloader/spi_flash\libspi_flash.a(port.o)
                                 0x30 (size before relaxing)
 .literal.esp_get_updated_partition_table_addr
                0x401002c0       0x18 D:/code/ESP8266_RTOS_SDK-master/examples/user_examples/deli_scan/build/bootloader/spi_flash\libspi_flash.a(port.o)
                                 0x48 (size before relaxing)
 .literal.spi_flash_erase
                0x401002d8        0x4 D:/code/ESP8266_RTOS_SDK-master/examples/user_examples/deli_scan/build/bootloader/spi_flash\libspi_flash.a(port.o)
                                  0x8 (size before relaxing)
 .literal.spi_flash_write_data
                0x401002dc        0x8 D:/code/ESP8266_RTOS_SDK-master/examples/user_examples/deli_scan/build/bootloader/spi_flash\libspi_flash.a(port.o)
                                 0x14 (size before relaxing)
 .literal.spi_flash_write_data_safe
                0x401002e4       0x18 D:/code/ESP8266_RTOS_SDK-master/examples/user_examples/deli_scan/build/bootloader/spi_flash\libspi_flash.a(port.o)
                                 0x38 (size before relaxing)
 .literal.esp_flash_sector_copy
                0x401002fc        0x4 D:/code/ESP8266_RTOS_SDK-master/examples/user_examples/deli_scan/build/bootloader/spi_flash\libspi_flash.a(port.o)
                                 0x24 (size before relaxing)
 .literal.esp_set_v2boot_app1
                0x40100300        0x4 D:/code/ESP8266_RTOS_SDK-master/examples/user_examples/deli_scan/build/bootloader/spi_flash\libspi_flash.a(port.o)
                                 0x30 (size before relaxing)
 .literal.esp_patition_table_init_location
                0x40100304        0x0 D:/code/ESP8266_RTOS_SDK-master/examples/user_examples/deli_scan/build/bootloader/spi_flash\libspi_flash.a(port.o)
                                 0x18 (size before relaxing)
 .literal.esp_patition_table_init_data
                0x40100304       0x14 D:/code/ESP8266_RTOS_SDK-master/examples/user_examples/deli_scan/build/bootloader/spi_flash\libspi_flash.a(port.o)
                                 0x50 (size before relaxing)
 .literal.uart_putc
                0x40100318        0xc D:/code/ESP8266_RTOS_SDK-master/examples/user_examples/deli_scan/build/bootloader/esp8266\libesp8266.a(ets_printf.o)
 .literal.ets_putc
                0x40100324        0x0 D:/code/ESP8266_RTOS_SDK-master/examples/user_examples/deli_scan/build/bootloader/esp8266\libesp8266.a(ets_printf.o)
                                  0x8 (size before relaxing)
 .literal.ets_vprintf
                0x40100324        0x8 D:/code/ESP8266_RTOS_SDK-master/examples/user_examples/deli_scan/build/bootloader/esp8266\libesp8266.a(ets_printf.o)
 .literal.ets_printf
                0x4010032c        0x0 D:/code/ESP8266_RTOS_SDK-master/examples/user_examples/deli_scan/build/bootloader/esp8266\libesp8266.a(ets_printf.o)
                                  0x4 (size before relaxing)
 .literal.crc32_le
                0x4010032c        0x4 D:/code/ESP8266_RTOS_SDK-master/examples/user_examples/deli_scan/build/bootloader/util\libutil.a(crc.o)
 .iram1.0.literal
                0x40100330        0x8 D:/code/ESP8266_RTOS_SDK-master/examples/user_examples/deli_scan/build/bootloader/log\liblog.a(log.o)
 .iram1.1.literal
                0x40100338       0x18 D:/code/ESP8266_RTOS_SDK-master/examples/user_examples/deli_scan/build/bootloader/log\liblog.a(log.o)
                                 0x30 (size before relaxing)
 .text.selected_boot_partition
                0x40100350        0xf D:/code/ESP8266_RTOS_SDK-master/examples/user_examples/deli_scan/build/bootloader/main\libmain.a(bootloader_start.o)
                                 0x13 (size before relaxing)
 *fill*         0x4010035f        0x1 
 .text.select_image
                0x40100360       0x68 D:/code/ESP8266_RTOS_SDK-master/examples/user_examples/deli_scan/build/bootloader/main\libmain.a(bootloader_start.o)
                                 0x70 (size before relaxing)
 .text.call_start_cpu
                0x401003c8       0x26 D:/code/ESP8266_RTOS_SDK-master/examples/user_examples/deli_scan/build/bootloader/main\libmain.a(bootloader_start.o)
                                 0x2e (size before relaxing)
                0x401003c8                call_start_cpu
 *fill*         0x401003ee        0x2 
 .text.log_invalid_app_partition
                0x401003f0       0x4b D:/code/ESP8266_RTOS_SDK-master/examples/user_examples/deli_scan/build/bootloader/bootloader_support\libbootloader_support.a(bootloader_utility.o)
                                 0x53 (size before relaxing)
 *fill*         0x4010043b        0x1 
 .text.try_load_partition
                0x4010043c       0x3d D:/code/ESP8266_RTOS_SDK-master/examples/user_examples/deli_scan/build/bootloader/bootloader_support\libbootloader_support.a(bootloader_utility.o)
                                 0x41 (size before relaxing)
 *fill*         0x40100479        0x3 
 .text.bootloader_utility_load_partition_table
                0x4010047c      0x1a1 D:/code/ESP8266_RTOS_SDK-master/examples/user_examples/deli_scan/build/bootloader/bootloader_support\libbootloader_support.a(bootloader_utility.o)
                                0x1bd (size before relaxing)
                0x4010047c                bootloader_utility_load_partition_table
 *fill*         0x4010061d        0x3 
 .text.bootloader_utility_get_selected_boot_partition
                0x40100620      0x146 D:/code/ESP8266_RTOS_SDK-master/examples/user_examples/deli_scan/build/bootloader/bootloader_support\libbootloader_support.a(bootloader_utility.o)
                                0x15e (size before relaxing)
                0x40100620                bootloader_utility_get_selected_boot_partition
 *fill*         0x40100766        0x2 
 .text.bootloader_utility_load_boot_image
                0x40100768       0xd6 D:/code/ESP8266_RTOS_SDK-master/examples/user_examples/deli_scan/build/bootloader/bootloader_support\libbootloader_support.a(bootloader_utility.o)
                                 0xfa (size before relaxing)
                0x40100768                bootloader_utility_load_boot_image
 *fill*         0x4010083e        0x2 
 .text.bootloader_utility_load_image
                0x40100840       0x21 D:/code/ESP8266_RTOS_SDK-master/examples/user_examples/deli_scan/build/bootloader/bootloader_support\libbootloader_support.a(bootloader_utility.o)
                                 0x25 (size before relaxing)
                0x40100840                bootloader_utility_load_image
 *fill*         0x40100861        0x3 
 .text.print_flash_info
                0x40100864       0xc6 D:/code/ESP8266_RTOS_SDK-master/examples/user_examples/deli_scan/build/bootloader/bootloader_support\libbootloader_support.a(bootloader_init.o)
                                 0xca (size before relaxing)
 *fill*         0x4010092a        0x2 
 .text.uart_console_configure
                0x4010092c       0x17 D:/code/ESP8266_RTOS_SDK-master/examples/user_examples/deli_scan/build/bootloader/bootloader_support\libbootloader_support.a(bootloader_init.o)
 *fill*         0x40100943        0x1 
 .text.update_flash_config
                0x40100944       0x21 D:/code/ESP8266_RTOS_SDK-master/examples/user_examples/deli_scan/build/bootloader/bootloader_support\libbootloader_support.a(bootloader_init.o)
 *fill*         0x40100965        0x3 
 .text.bootloader_main
                0x40100968       0x69 D:/code/ESP8266_RTOS_SDK-master/examples/user_examples/deli_scan/build/bootloader/bootloader_support\libbootloader_support.a(bootloader_init.o)
                                 0x7d (size before relaxing)
 *fill*         0x401009d1        0x3 
 .text.bootloader_init
                0x401009d4       0x25 D:/code/ESP8266_RTOS_SDK-master/examples/user_examples/deli_scan/build/bootloader/bootloader_support\libbootloader_support.a(bootloader_init.o)
                                 0x29 (size before relaxing)
                0x401009d4                bootloader_init
 *fill*         0x401009f9        0x3 
 .text.bootloader_flash_read_no_decrypt
                0x401009fc       0x15 D:/code/ESP8266_RTOS_SDK-master/examples/user_examples/deli_scan/build/bootloader/bootloader_support\libbootloader_support.a(bootloader_flash.o)
 *fill*         0x40100a11        0x3 
 .text.bootloader_mmap
                0x40100a14       0xa6 D:/code/ESP8266_RTOS_SDK-master/examples/user_examples/deli_scan/build/bootloader/bootloader_support\libbootloader_support.a(bootloader_flash.o)
                                 0xaa (size before relaxing)
                0x40100a14                bootloader_mmap
 *fill*         0x40100aba        0x2 
 .text.bootloader_munmap
                0x40100abc       0x23 D:/code/ESP8266_RTOS_SDK-master/examples/user_examples/deli_scan/build/bootloader/bootloader_support\libbootloader_support.a(bootloader_flash.o)
                0x40100abc                bootloader_munmap
 *fill*         0x40100adf        0x1 
 .text.bootloader_flash_read
                0x40100ae0       0x5b D:/code/ESP8266_RTOS_SDK-master/examples/user_examples/deli_scan/build/bootloader/bootloader_support\libbootloader_support.a(bootloader_flash.o)
                                 0x62 (size before relaxing)
                0x40100ae0                bootloader_flash_read
 *fill*         0x40100b3b        0x1 
 .text.should_map
                0x40100b3c       0x15 D:/code/ESP8266_RTOS_SDK-master/examples/user_examples/deli_scan/build/bootloader/bootloader_support\libbootloader_support.a(esp_image_format.o)
 *fill*         0x40100b51        0x3 
 .text.should_load
                0x40100b54       0x19 D:/code/ESP8266_RTOS_SDK-master/examples/user_examples/deli_scan/build/bootloader/bootloader_support\libbootloader_support.a(esp_image_format.o)
                                 0x1d (size before relaxing)
 *fill*         0x40100b6d        0x3 
 .text.verify_image_header
                0x40100b70       0x7d D:/code/ESP8266_RTOS_SDK-master/examples/user_examples/deli_scan/build/bootloader/bootloader_support\libbootloader_support.a(esp_image_format.o)
                                 0x85 (size before relaxing)
 *fill*         0x40100bed        0x3 
 .text.process_segment_data
                0x40100bf0       0x87 D:/code/ESP8266_RTOS_SDK-master/examples/user_examples/deli_scan/build/bootloader/bootloader_support\libbootloader_support.a(esp_image_format.o)
                                 0x8f (size before relaxing)
 *fill*         0x40100c77        0x1 
 .text.verify_checksum
                0x40100c78       0x92 D:/code/ESP8266_RTOS_SDK-master/examples/user_examples/deli_scan/build/bootloader/bootloader_support\libbootloader_support.a(esp_image_format.o)
                                 0x9a (size before relaxing)
 *fill*         0x40100d0a        0x2 
 .text.process_segment
                0x40100d0c      0x11a D:/code/ESP8266_RTOS_SDK-master/examples/user_examples/deli_scan/build/bootloader/bootloader_support\libbootloader_support.a(esp_image_format.o)
                                0x12a (size before relaxing)
 *fill*         0x40100e26        0x2 
 .text.esp_image_load
                0x40100e28      0x193 D:/code/ESP8266_RTOS_SDK-master/examples/user_examples/deli_scan/build/bootloader/bootloader_support\libbootloader_support.a(esp_image_format.o)
                                0x1ab (size before relaxing)
                0x40100e28                esp_image_load
 *fill*         0x40100fbb        0x1 
 .text.esp_partition_table_basic_verify
                0x40100fbc       0xe7 D:/code/ESP8266_RTOS_SDK-master/examples/user_examples/deli_scan/build/bootloader/bootloader_support\libbootloader_support.a(flash_partitions.o)
                                 0xeb (size before relaxing)
                0x40100fbc                esp_partition_table_basic_verify
 *fill*         0x401010a3        0x1 
 .text.bootloader_common_ota_select_crc
                0x401010a4       0x18 D:/code/ESP8266_RTOS_SDK-master/examples/user_examples/deli_scan/build/bootloader/bootloader_support\libbootloader_support.a(bootloader_common.o)
                0x401010a4                bootloader_common_ota_select_crc
 .text.bootloader_common_ota_select_valid
                0x401010bc       0x2c D:/code/ESP8266_RTOS_SDK-master/examples/user_examples/deli_scan/build/bootloader/bootloader_support\libbootloader_support.a(bootloader_common.o)
                0x401010bc                bootloader_common_ota_select_valid
 .text.spi_user_cmd
                0x401010e8       0x4d D:/code/ESP8266_RTOS_SDK-master/examples/user_examples/deli_scan/build/bootloader/spi_flash\libspi_flash.a(spi_flash.o)
                0x401010e8                spi_user_cmd
 *fill*         0x40101135        0x3 
 .text.special_flash_read_status
                0x40101138       0x39 D:/code/ESP8266_RTOS_SDK-master/examples/user_examples/deli_scan/build/bootloader/spi_flash\libspi_flash.a(spi_flash.o)
                                 0x3d (size before relaxing)
                0x40101138                special_flash_read_status
 *fill*         0x40101171        0x3 
 .text.flash_gd25q32c_read_status
                0x40101174       0x33 D:/code/ESP8266_RTOS_SDK-master/examples/user_examples/deli_scan/build/bootloader/spi_flash\libspi_flash.a(spi_flash.o)
 *fill*         0x401011a7        0x1 
 .text.special_flash_write_status
                0x401011a8       0x59 D:/code/ESP8266_RTOS_SDK-master/examples/user_examples/deli_scan/build/bootloader/spi_flash\libspi_flash.a(spi_flash.o)
                                 0x61 (size before relaxing)
                0x401011a8                special_flash_write_status
 *fill*         0x40101201        0x3 
 .text.spi_flash_enable_qio_bit6
                0x40101204       0x17 D:/code/ESP8266_RTOS_SDK-master/examples/user_examples/deli_scan/build/bootloader/spi_flash\libspi_flash.a(spi_flash.o)
                                 0x1b (size before relaxing)
 *fill*         0x4010121b        0x1 
 .text.flash_gd25q32c_write_status
                0x4010121c       0x30 D:/code/ESP8266_RTOS_SDK-master/examples/user_examples/deli_scan/build/bootloader/spi_flash\libspi_flash.a(spi_flash.o)
 .text.flash_gd25q32c_enable_QIO_mode
                0x4010124c       0x3e D:/code/ESP8266_RTOS_SDK-master/examples/user_examples/deli_scan/build/bootloader/spi_flash\libspi_flash.a(spi_flash.o)
                                 0x46 (size before relaxing)
 *fill*         0x4010128a        0x2 
 .text.en25q16x_read_sfdp
                0x4010128c       0x43 D:/code/ESP8266_RTOS_SDK-master/examples/user_examples/deli_scan/build/bootloader/spi_flash\libspi_flash.a(spi_flash.o)
                0x4010128c                en25q16x_read_sfdp
 *fill*         0x401012cf        0x1 
 .text.spi_flash_get_id
                0x401012d0       0x26 D:/code/ESP8266_RTOS_SDK-master/examples/user_examples/deli_scan/build/bootloader/spi_flash\libspi_flash.a(spi_flash.o)
                0x401012d0                spi_flash_get_id
 *fill*         0x401012f6        0x2 
 .text.spi_flash_read_status
                0x401012f8       0x28 D:/code/ESP8266_RTOS_SDK-master/examples/user_examples/deli_scan/build/bootloader/spi_flash\libspi_flash.a(spi_flash.o)
                0x401012f8                spi_flash_read_status
 .text.spi_flash_issi_enable_QIO_mode
                0x40101320       0x43 D:/code/ESP8266_RTOS_SDK-master/examples/user_examples/deli_scan/build/bootloader/spi_flash\libspi_flash.a(spi_flash.o)
                                 0x4b (size before relaxing)
 *fill*         0x40101363        0x1 
 .text.special_flash_set_mode
                0x40101364       0x40 D:/code/ESP8266_RTOS_SDK-master/examples/user_examples/deli_scan/build/bootloader/spi_flash\libspi_flash.a(spi_flash.o)
                                 0x44 (size before relaxing)
                0x40101364                special_flash_set_mode
 .text.en25q16x_write_volatile_status
                0x401013a4       0x4f D:/code/ESP8266_RTOS_SDK-master/examples/user_examples/deli_scan/build/bootloader/spi_flash\libspi_flash.a(spi_flash.o)
                                 0x5b (size before relaxing)
                0x401013a4                en25q16x_write_volatile_status
 *fill*         0x401013f3        0x1 
 .text.user_spi_flash_dio_to_qio_pre_init
                0x401013f4       0xb9 D:/code/ESP8266_RTOS_SDK-master/examples/user_examples/deli_scan/build/bootloader/spi_flash\libspi_flash.a(spi_flash.o)
                                 0xc5 (size before relaxing)
                0x401013f4                user_spi_flash_dio_to_qio_pre_init
 *fill*         0x401014ad        0x3 
 .text.esp_spi_flash_init
                0x401014b0       0xc1 D:/code/ESP8266_RTOS_SDK-master/examples/user_examples/deli_scan/build/bootloader/spi_flash\libspi_flash.a(spi_flash.o)
                                 0xc5 (size before relaxing)
                0x401014b0                esp_spi_flash_init
 *fill*         0x40101571        0x3 
 .text.Cache_Read_Disable_2
                0x40101574       0x34 D:/code/ESP8266_RTOS_SDK-master/examples/user_examples/deli_scan/build/bootloader/spi_flash\libspi_flash.a(spi_flash_raw.o)
                0x40101574                Cache_Read_Disable_2
 .text.Cache_Read_Enable_2
                0x401015a8       0x28 D:/code/ESP8266_RTOS_SDK-master/examples/user_examples/deli_scan/build/bootloader/spi_flash\libspi_flash.a(spi_flash_raw.o)
                0x401015a8                Cache_Read_Enable_2
                0x401015a8                Cache_Read_Enable_New
 .text.spi_flash_get_id_raw
                0x401015d0       0x57 D:/code/ESP8266_RTOS_SDK-master/examples/user_examples/deli_scan/build/bootloader/spi_flash\libspi_flash.a(spi_flash_raw.o)
                0x401015d0                spi_flash_get_id_raw
 *fill*         0x40101627        0x1 
 .text.spi_flash_read_status_raw
                0x40101628       0x2f D:/code/ESP8266_RTOS_SDK-master/examples/user_examples/deli_scan/build/bootloader/spi_flash\libspi_flash.a(spi_flash_raw.o)
                                 0x33 (size before relaxing)
                0x40101628                spi_flash_read_status_raw
 *fill*         0x40101657        0x1 
 .text.spi_flash_enable_qmode_raw
                0x40101658       0x33 D:/code/ESP8266_RTOS_SDK-master/examples/user_examples/deli_scan/build/bootloader/spi_flash\libspi_flash.a(spi_flash_raw.o)
                                 0x37 (size before relaxing)
                0x40101658                spi_flash_enable_qmode_raw
 *fill*         0x4010168b        0x1 
 .text.spi_user_cmd_raw
                0x4010168c      0x3d7 D:/code/ESP8266_RTOS_SDK-master/examples/user_examples/deli_scan/build/bootloader/spi_flash\libspi_flash.a(spi_flash_raw.o)
                0x4010168c                spi_user_cmd_raw
 *fill*         0x40101a63        0x1 
 .text.spi_flash_switch_to_qio_raw
                0x40101a64       0x25 D:/code/ESP8266_RTOS_SDK-master/examples/user_examples/deli_scan/build/bootloader/spi_flash\libspi_flash.a(spi_flash_raw.o)
                0x40101a64                spi_flash_switch_to_qio_raw
 *fill*         0x40101a89        0x3 
 .text.esp_hw_reset
                0x40101a8c       0x62 D:/code/ESP8266_RTOS_SDK-master/examples/user_examples/deli_scan/build/bootloader/spi_flash\libspi_flash.a(port.o)
 *fill*         0x40101aee        0x2 
 .text.esp_hw_feed_wdt
                0x40101af0        0xd D:/code/ESP8266_RTOS_SDK-master/examples/user_examples/deli_scan/build/bootloader/spi_flash\libspi_flash.a(port.o)
 *fill*         0x40101afd        0x3 
 .text.spi_flash_read_data
                0x40101b00       0x53 D:/code/ESP8266_RTOS_SDK-master/examples/user_examples/deli_scan/build/bootloader/spi_flash\libspi_flash.a(port.o)
 *fill*         0x40101b53        0x1 
 .text.esp_sdk_update_from_v2
                0x40101b54       0x6d D:/code/ESP8266_RTOS_SDK-master/examples/user_examples/deli_scan/build/bootloader/spi_flash\libspi_flash.a(port.o)
                                 0x71 (size before relaxing)
 *fill*         0x40101bc1        0x3 
 .text.get_v2_flash_map_size
                0x40101bc4       0x77 D:/code/ESP8266_RTOS_SDK-master/examples/user_examples/deli_scan/build/bootloader/spi_flash\libspi_flash.a(port.o)
                                 0x7f (size before relaxing)
 *fill*         0x40101c3b        0x1 
 .text.esp_get_updated_partition_table_addr
                0x40101c3c       0xfa D:/code/ESP8266_RTOS_SDK-master/examples/user_examples/deli_scan/build/bootloader/spi_flash\libspi_flash.a(port.o)
                                0x106 (size before relaxing)
 *fill*         0x40101d36        0x2 
 .text.spi_flash_erase
                0x40101d38       0x23 D:/code/ESP8266_RTOS_SDK-master/examples/user_examples/deli_scan/build/bootloader/spi_flash\libspi_flash.a(port.o)
 *fill*         0x40101d5b        0x1 
 .text.spi_flash_write_data
                0x40101d5c       0x49 D:/code/ESP8266_RTOS_SDK-master/examples/user_examples/deli_scan/build/bootloader/spi_flash\libspi_flash.a(port.o)
 *fill*         0x40101da5        0x3 
 .text.spi_flash_write_data_safe
                0x40101da8       0x9d D:/code/ESP8266_RTOS_SDK-master/examples/user_examples/deli_scan/build/bootloader/spi_flash\libspi_flash.a(port.o)
                                 0xad (size before relaxing)
 *fill*         0x40101e45        0x3 
 .text.esp_flash_sector_copy
                0x40101e48       0x7f D:/code/ESP8266_RTOS_SDK-master/examples/user_examples/deli_scan/build/bootloader/spi_flash\libspi_flash.a(port.o)
                                 0x87 (size before relaxing)
 *fill*         0x40101ec7        0x1 
 .text.esp_set_v2boot_app1
                0x40101ec8      0x145 D:/code/ESP8266_RTOS_SDK-master/examples/user_examples/deli_scan/build/bootloader/spi_flash\libspi_flash.a(port.o)
                                0x14d (size before relaxing)
 *fill*         0x4010200d        0x3 
 .text.esp_patition_table_init_location
                0x40102010       0x33 D:/code/ESP8266_RTOS_SDK-master/examples/user_examples/deli_scan/build/bootloader/spi_flash\libspi_flash.a(port.o)
                                 0x3f (size before relaxing)
                0x40102010                esp_patition_table_init_location
 *fill*         0x40102043        0x1 
 .text.esp_patition_table_init_data
                0x40102044       0xc3 D:/code/ESP8266_RTOS_SDK-master/examples/user_examples/deli_scan/build/bootloader/spi_flash\libspi_flash.a(port.o)
                                 0xd7 (size before relaxing)
                0x40102044                esp_patition_table_init_data
 *fill*         0x40102107        0x1 
 .text.uart_putc
                0x40102108       0x21 D:/code/ESP8266_RTOS_SDK-master/examples/user_examples/deli_scan/build/bootloader/esp8266\libesp8266.a(ets_printf.o)
 *fill*         0x40102129        0x3 
 .text.ets_putc
                0x4010212c       0x27 D:/code/ESP8266_RTOS_SDK-master/examples/user_examples/deli_scan/build/bootloader/esp8266\libesp8266.a(ets_printf.o)
                0x4010212c                ets_putc
 *fill*         0x40102153        0x1 
 .text.ets_vprintf
                0x40102154       0x1f D:/code/ESP8266_RTOS_SDK-master/examples/user_examples/deli_scan/build/bootloader/esp8266\libesp8266.a(ets_printf.o)
                0x40102154                ets_vprintf
 *fill*         0x40102173        0x1 
 .text.ets_printf
                0x40102174       0x27 D:/code/ESP8266_RTOS_SDK-master/examples/user_examples/deli_scan/build/bootloader/esp8266\libesp8266.a(ets_printf.o)
                                 0x2b (size before relaxing)
                0x40102174                ets_printf
 *fill*         0x4010219b        0x1 
 .text.crc32_le
                0x4010219c       0x2f D:/code/ESP8266_RTOS_SDK-master/examples/user_examples/deli_scan/build/bootloader/util\libutil.a(crc.o)
                0x4010219c                crc32_le
 *fill*         0x401021cb        0x1 
 .text.phy_reg_default
                0x401021cc       0x36 D:/code/ESP8266_RTOS_SDK/components/esp8266/lib\libcore.a(phy.o)
                0x401021dc                phy_reg_default
 *fill*         0x40102202        0x2 
 .text.uart_div_modify
                0x40102204       0x50 D:/code/ESP8266_RTOS_SDK/components/esp8266/lib\libcore.a(uart.o)
                0x40102214                uart_div_modify
 *fill*         0x40102254        0x0 
 *fill*         0x40102254        0x0 
 .text.index_to_partition
                0x40102254       0x4b D:/code/ESP8266_RTOS_SDK-master/examples/user_examples/deli_scan/build/bootloader/bootloader_support\libbootloader_support.a(bootloader_utility.o)
 *fill*         0x4010229f        0x0 
 *fill*         0x4010229f        0x0 
 *fill*         0x4010229f        0x0 
 *fill*         0x4010229f        0x0 
 *fill*         0x4010229f        0x0 
 *fill*         0x4010229f        0x0 
 *fill*         0x4010229f        0x0 
 *fill*         0x4010229f        0x0 
 *fill*         0x4010229f        0x0 
 *fill*         0x4010229f        0x0 
 *fill*         0x4010229f        0x0 
 *fill*         0x4010229f        0x0 
 *fill*         0x4010229f        0x0 
 *fill*         0x4010229f        0x0 
 *fill*         0x4010229f        0x0 
 *fill*         0x4010229f        0x1 
 .text.verify_segment_header
                0x401022a0        0x4 D:/code/ESP8266_RTOS_SDK-master/examples/user_examples/deli_scan/build/bootloader/bootloader_support\libbootloader_support.a(esp_image_format.o)
 *fill*         0x401022a4        0x0 
 *fill*         0x401022a4        0x0 
 *fill*         0x401022a4        0x0 
 *fill*         0x401022a4        0x0 
 *fill*         0x401022a4        0x0 
 *fill*         0x401022a4        0x0 
 *fill*         0x401022a4        0x0 
 *fill*         0x401022a4        0x0 
 *fill*         0x401022a4        0x0 
 *fill*         0x401022a4        0x0 
 *fill*         0x401022a4        0x0 
 *fill*         0x401022a4        0x0 
 *fill*         0x401022a4        0x0 
 *fill*         0x401022a4        0x0 
 *fill*         0x401022a4        0x0 
 *fill*         0x401022a4        0x0 
 *fill*         0x401022a4        0x0 
 *fill*         0x401022a4        0x0 
 *fill*         0x401022a4        0x0 
 *fill*         0x401022a4        0x0 
 *fill*         0x401022a4        0x0 
 *fill*         0x401022a4        0x0 
 *fill*         0x401022a4        0x0 
 *fill*         0x401022a4        0x0 
 *fill*         0x401022a4        0x0 
 *fill*         0x401022a4        0x0 
 *fill*         0x401022a4        0x0 
 *fill*         0x401022a4        0x0 
 *fill*         0x401022a4        0x0 
 *fill*         0x401022a4        0x0 
 *fill*         0x401022a4        0x0 
 *fill*         0x401022a4        0x0 
 *fill*         0x401022a4        0x0 
 *fill*         0x401022a4        0x0 
 *fill*         0x401022a4        0x0 
 *fill*         0x401022a4        0x0 
 *fill*         0x401022a4        0x0 
 *fill*         0x401022a4        0x0 
 *fill*         0x401022a4        0x0 
 *fill*         0x401022a4        0x0 
 *fill*         0x401022a4        0x0 
 *fill*         0x401022a4        0x0 
 *fill*         0x401022a4        0x0 
 *fill*         0x401022a4        0x0 
 *(.iram1 .iram1.*)
 .iram1.0       0x401022a4       0x18 D:/code/ESP8266_RTOS_SDK-master/examples/user_examples/deli_scan/build/bootloader/log\liblog.a(log.o)
                0x401022a4                esp_log_early_timestamp
 .iram1.1       0x401022bc       0x92 D:/code/ESP8266_RTOS_SDK-master/examples/user_examples/deli_scan/build/bootloader/log\liblog.a(log.o)
                                 0x9d (size before relaxing)
                0x401022bc                esp_early_log_write
 *(.fini.literal)
 *(.fini)
 *(.gnu.version)
                0x4010234e                _text_end = ABSOLUTE (.)
                0x4010234e                _etext = .

.bss            0x3ffe8000     0x2938
                0x3ffe8000                . = ALIGN (0x8)
                0x3ffe8000                _bss_start = ABSOLUTE (.)
 *(.dynsbss)
 *(.sbss)
 *(.sbss.*)
 *(.gnu.linkonce.sb.*)
 *(.scommon)
 *(.sbss2)
 *(.sbss2.*)
 *(.gnu.linkonce.sb2.*)
 *(.dynbss)
 *(.bss)
 *(.bss.*)
 .bss.mapped    0x3ffe8000        0x1 D:/code/ESP8266_RTOS_SDK-master/examples/user_examples/deli_scan/build/bootloader/bootloader_support\libbootloader_support.a(bootloader_flash.o)
 *fill*         0x3ffe8001        0x3 
 .bss.pbuf$3472
                0x3ffe8004      0x400 D:/code/ESP8266_RTOS_SDK-master/examples/user_examples/deli_scan/build/bootloader/bootloader_support\libbootloader_support.a(esp_image_format.o)
 .bss.FlashIsOnGoing
                0x3ffe8404        0x1 D:/code/ESP8266_RTOS_SDK-master/examples/user_examples/deli_scan/build/bootloader/spi_flash\libspi_flash.a(spi_flash.o)
                0x3ffe8404                FlashIsOnGoing
 *fill*         0x3ffe8405        0x3 
 .bss.s_boot_param
                0x3ffe8408      0x500 D:/code/ESP8266_RTOS_SDK-master/examples/user_examples/deli_scan/build/bootloader/spi_flash\libspi_flash.a(port.o)
 .bss.s_sys_param
                0x3ffe8908       0x20 D:/code/ESP8266_RTOS_SDK-master/examples/user_examples/deli_scan/build/bootloader/spi_flash\libspi_flash.a(port.o)
 .bss.s_v2_flash_size
                0x3ffe8928        0x4 D:/code/ESP8266_RTOS_SDK-master/examples/user_examples/deli_scan/build/bootloader/spi_flash\libspi_flash.a(port.o)
 .bss.s_v2_flash_bin_size
                0x3ffe892c        0x4 D:/code/ESP8266_RTOS_SDK-master/examples/user_examples/deli_scan/build/bootloader/spi_flash\libspi_flash.a(port.o)
 .bss.check_buf
                0x3ffe8930     0x1000 D:/code/ESP8266_RTOS_SDK-master/examples/user_examples/deli_scan/build/bootloader/spi_flash\libspi_flash.a(port.o)
 .bss.s_cache_buf
                0x3ffe9930     0x1000 D:/code/ESP8266_RTOS_SDK-master/examples/user_examples/deli_scan/build/bootloader/spi_flash\libspi_flash.a(port.o)
 .bss.s_partition_offset
                0x3ffea930        0x4 D:/code/ESP8266_RTOS_SDK-master/examples/user_examples/deli_scan/build/bootloader/spi_flash\libspi_flash.a(port.o)
 *(.gnu.linkonce.b.*)
 *(COMMON)
                0x3ffea938                . = ALIGN (0x8)
 *fill*         0x3ffea934        0x4 
                0x3ffea938                _bss_end = ABSOLUTE (.)

.data           0x3ffea938       0x30
                0x3ffea938                _data_start = ABSOLUTE (.)
 *(.data)
 *(.data.*)
 .data.g_rom_flashchip
                0x3ffea938       0x18 D:/code/ESP8266_RTOS_SDK-master/examples/user_examples/deli_scan/build/bootloader/spi_flash\libspi_flash.a(spi_flash.o)
                0x3ffea938                g_rom_flashchip
 .data.s_flash_chip
                0x3ffea950       0x18 D:/code/ESP8266_RTOS_SDK-master/examples/user_examples/deli_scan/build/bootloader/spi_flash\libspi_flash.a(port.o)
 *(.gnu.linkonce.d.*)
 *(.data1)
 *(.sdata)
 *(.sdata.*)
 *(.gnu.linkonce.s.*)
 *(.sdata2)
 *(.sdata2.*)
 *(.gnu.linkonce.s2.*)
 *(.jcr)
                0x3ffea968                _data_end = ABSOLUTE (.)

.rodata         0x3ffea968     0x115c
                0x3ffea968                _rodata_start = ABSOLUTE (.)
 *(.rodata)
 *(.rodata.*)
 .rodata.str1.4
                0x3ffea968       0x21 D:/code/ESP8266_RTOS_SDK-master/examples/user_examples/deli_scan/build/bootloader/main\libmain.a(bootloader_start.o)
 *fill*         0x3ffea989        0x3 
 .rodata.str1.4
                0x3ffea98c      0x3a2 D:/code/ESP8266_RTOS_SDK-master/examples/user_examples/deli_scan/build/bootloader/bootloader_support\libbootloader_support.a(bootloader_utility.o)
                                0x3aa (size before relaxing)
 *fill*         0x3ffead2e        0x2 
 .rodata.str1.4
                0x3ffead30       0xe2 D:/code/ESP8266_RTOS_SDK-master/examples/user_examples/deli_scan/build/bootloader/bootloader_support\libbootloader_support.a(bootloader_init.o)
                                 0xf2 (size before relaxing)
 *fill*         0x3ffeae12        0x2 
 .rodata.print_flash_info
                0x3ffeae14       0x28 D:/code/ESP8266_RTOS_SDK-master/examples/user_examples/deli_scan/build/bootloader/bootloader_support\libbootloader_support.a(bootloader_init.o)
 .rodata.str1.4
                0x3ffeae3c      0x19f D:/code/ESP8266_RTOS_SDK-master/examples/user_examples/deli_scan/build/bootloader/bootloader_support\libbootloader_support.a(bootloader_flash.o)
 *fill*         0x3ffeafdb        0x1 
 .rodata.str1.4
                0x3ffeafdc      0x26b D:/code/ESP8266_RTOS_SDK-master/examples/user_examples/deli_scan/build/bootloader/bootloader_support\libbootloader_support.a(esp_image_format.o)
                                0x26f (size before relaxing)
 *fill*         0x3ffeb247        0x1 
 .rodata.str1.4
                0x3ffeb248       0xb4 D:/code/ESP8266_RTOS_SDK-master/examples/user_examples/deli_scan/build/bootloader/bootloader_support\libbootloader_support.a(flash_partitions.o)
 .rodata.str1.4
                0x3ffeb2fc       0x29 D:/code/ESP8266_RTOS_SDK-master/examples/user_examples/deli_scan/build/bootloader/spi_flash\libspi_flash.a(spi_flash.o)
 *fill*         0x3ffeb325        0x3 
 .rodata.str1.4
                0x3ffeb328      0x306 D:/code/ESP8266_RTOS_SDK-master/examples/user_examples/deli_scan/build/bootloader/spi_flash\libspi_flash.a(port.o)
 *fill*         0x3ffeb62e        0x2 
 .rodata.s_v2_flash_bin_map_table
                0x3ffeb630       0x28 D:/code/ESP8266_RTOS_SDK-master/examples/user_examples/deli_scan/build/bootloader/spi_flash\libspi_flash.a(port.o)
 .rodata.s_v2_flash_bin_size_map_table
                0x3ffeb658       0x28 D:/code/ESP8266_RTOS_SDK-master/examples/user_examples/deli_scan/build/bootloader/spi_flash\libspi_flash.a(port.o)
 .rodata.str1.4
                0x3ffeb680       0x24 D:/code/ESP8266_RTOS_SDK-master/examples/user_examples/deli_scan/build/bootloader/log\liblog.a(log.o)
                                 0x22 (size before relaxing)
 .rodata.s_log_prefix
                0x3ffeb6a4        0x6 D:/code/ESP8266_RTOS_SDK-master/examples/user_examples/deli_scan/build/bootloader/log\liblog.a(log.o)
 *fill*         0x3ffeb6aa        0x2 
 .rodata.s_log_color
                0x3ffeb6ac       0x18 D:/code/ESP8266_RTOS_SDK-master/examples/user_examples/deli_scan/build/bootloader/log\liblog.a(log.o)
 .rodata.crc32_le_table
                0x3ffeb6c4      0x400 D:/code/ESP8266_RTOS_SDK-master/examples/user_examples/deli_scan/build/bootloader/util\libutil.a(crc.o)
 *(.gnu.linkonce.r.*)
 *(.rodata1)
                0x3ffebac4                __XT_EXCEPTION_TABLE_ = ABSOLUTE (.)
 *(.xt_except_table)
 *(.gcc_except_table)
 *(.gnu.linkonce.e.*)
 *(.gnu.version_r)
 *(.eh_frame)
                0x3ffebac4                . = ((. + 0x3) & 0xfffffffc)
                0x3ffebac4                __init_array_start = ABSOLUTE (.)
 *crtbegin.o(.ctors)
 *(EXCLUDE_FILE(*crtend.o) .ctors)
 *(SORT(.ctors.*))
 *(.ctors)
                0x3ffebac4                __init_array_end = ABSOLUTE (.)
 *crtbegin.o(.dtors)
 *(EXCLUDE_FILE(*crtend.o) .dtors)
 *(SORT(.dtors.*))
 *(.dtors)
                0x3ffebac4                __XT_EXCEPTION_DESCS_ = ABSOLUTE (.)
 *(.xt_except_desc)
 *(.gnu.linkonce.h.*)
                0x3ffebac4                __XT_EXCEPTION_DESCS_END__ = ABSOLUTE (.)
 *(.xt_except_desc_end)
 *(.dynamic)
 *(.gnu.version_d)
                0x3ffebac4                _rodata_end = ABSOLUTE (.)
                0x3ffebac4                _lit4_start = ABSOLUTE (.)
 *(*.lit4)
 *(.lit4.*)
 *(.gnu.linkonce.lit4.*)
                0x3ffebac4                _lit4_end = ABSOLUTE (.)
                0x3ffebac4                . = ALIGN (0x4)
                0x3ffebac4                _heap_start = ABSOLUTE (.)
                0x60001100                PROVIDE (rtc_sys_info, 0x60001100)
                0x400040c0                PROVIDE (SPI_sector_erase, 0x400040c0)
                0x40004174                PROVIDE (SPI_page_program, 0x40004174)
                0x400042ac                PROVIDE (SPI_read_data, 0x400042ac)
                0x400043c8                PROVIDE (SPI_read_status, 0x400043c8)
                0x40004400                PROVIDE (SPI_write_status, 0x40004400)
                0x4000443c                PROVIDE (SPI_write_enable, 0x4000443c)
                0x4000448c                PROVIDE (Wait_SPI_Idle, 0x4000448c)
                0x400044c0                PROVIDE (Enable_QMode, 0x400044c0)
                [!provide]                PROVIDE (Disable_QMode, 0x40004508)
                0x40004678                PROVIDE (Cache_Read_Enable, 0x40004678)
                0x400047f0                PROVIDE (Cache_Read_Disable, 0x400047f0)
                [!provide]                PROVIDE (lldesc_build_chain, 0x40004f40)
                [!provide]                PROVIDE (lldesc_num2link, 0x40005050)
                [!provide]                PROVIDE (lldesc_set_owner, 0x4000507c)
                [!provide]                PROVIDE (__adddf3, 0x4000c538)
                [!provide]                PROVIDE (__addsf3, 0x4000c180)
                [!provide]                PROVIDE (__divdf3, 0x4000cb94)
                [!provide]                PROVIDE (__divdi3, 0x4000ce60)
                [!provide]                PROVIDE (__divsi3, 0x4000dc88)
                [!provide]                PROVIDE (__extendsfdf2, 0x4000cdfc)
                [!provide]                PROVIDE (__fixdfsi, 0x4000ccb8)
                [!provide]                PROVIDE (__fixunsdfsi, 0x4000cd00)
                [!provide]                PROVIDE (__fixunssfsi, 0x4000c4c4)
                [!provide]                PROVIDE (__floatsidf, 0x4000e2f0)
                [!provide]                PROVIDE (__floatsisf, 0x4000e2ac)
                [!provide]                PROVIDE (__floatunsidf, 0x4000e2e8)
                [!provide]                PROVIDE (__floatunsisf, 0x4000e2a4)
                [!provide]                PROVIDE (__muldf3, 0x4000c8f0)
                [!provide]                PROVIDE (__muldi3, 0x40000650)
                [!provide]                PROVIDE (__mulsf3, 0x4000c3dc)
                [!provide]                PROVIDE (__subdf3, 0x4000c688)
                [!provide]                PROVIDE (__subsf3, 0x4000c268)
                [!provide]                PROVIDE (__truncdfsf2, 0x4000cd5c)
                [!provide]                PROVIDE (__udivdi3, 0x4000d310)
                0x4000e21c                PROVIDE (__udivsi3, 0x4000e21c)
                [!provide]                PROVIDE (__umoddi3, 0x4000d770)
                0x4000e268                PROVIDE (__umodsi3, 0x4000e268)
                [!provide]                PROVIDE (__umulsidi3, 0x4000dcf0)
                [!provide]                PROVIDE (bzero, 0x4000de84)
                0x4000dea8                PROVIDE (memcmp, 0x4000dea8)
                0x4000df48                PROVIDE (memcpy, 0x4000df48)
                [!provide]                PROVIDE (memmove, 0x4000e04c)
                0x4000e190                PROVIDE (memset, 0x4000e190)
                [!provide]                PROVIDE (strcmp, 0x4000bdc8)
                [!provide]                PROVIDE (strcpy, 0x4000bec8)
                [!provide]                PROVIDE (strlen, 0x4000bf4c)
                [!provide]                PROVIDE (strncmp, 0x4000bfa8)
                [!provide]                PROVIDE (strncpy, 0x4000c0a0)
                [!provide]                PROVIDE (strstr, 0x4000e1e0)
                0x40004cf0                PROVIDE (gpio_input_get, 0x40004cf0)
                [!provide]                PROVIDE (gpio_pin_wakeup_disable, 0x40004ed4)
                [!provide]                PROVIDE (gpio_pin_wakeup_enable, 0x40004e90)
                0x40001f00                PROVIDE (ets_io_vprintf, 0x40001f00)
                [!provide]                PROVIDE (uart_rx_one_char, 0x40003b8c)
                [!provide]                PROVIDE (rom_i2c_readReg, 0x40007268)
                [!provide]                PROVIDE (rom_i2c_readReg_Mask, 0x4000729c)
                [!provide]                PROVIDE (rom_i2c_writeReg, 0x400072d8)
                [!provide]                PROVIDE (rom_i2c_writeReg_Mask, 0x4000730c)
                [!provide]                PROVIDE (rom_software_reboot, 0x40000080)
                [!provide]                PROVIDE (ets_memcpy, 0x400018b4)
                0x40004b1c                PROVIDE (SPIRead, 0x40004b1c)
                0x40004a4c                PROVIDE (SPIWrite, 0x40004a4c)
                0x40004a00                PROVIDE (SPIEraseSector, 0x40004a00)
                [!provide]                PROVIDE (gpio_input_get, 0x40004cf0)
                [!provide]                PROVIDE (xthal_get_ccount, 0x4000dd38)
                [!provide]                PROVIDE (uart_div_modify, 0x400039d8)
                [!provide]                PROVIDE (ets_io_vprintf, 0x40001f00)
OUTPUT(D:/code/ESP8266_RTOS_SDK-master/examples/user_examples/deli_scan/build/bootloader/bootloader.elf elf32-xtensa-le)

.debug_frame    0x00000000      0xc84
 .debug_frame   0x00000000       0x74 D:/code/ESP8266_RTOS_SDK-master/examples/user_examples/deli_scan/build/bootloader/main\libmain.a(bootloader_start.o)
 .debug_frame   0x00000074       0xfc D:/code/ESP8266_RTOS_SDK-master/examples/user_examples/deli_scan/build/bootloader/bootloader_support\libbootloader_support.a(bootloader_utility.o)
 .debug_frame   0x00000170       0xb4 D:/code/ESP8266_RTOS_SDK-master/examples/user_examples/deli_scan/build/bootloader/bootloader_support\libbootloader_support.a(bootloader_init.o)
 .debug_frame   0x00000224       0xdc D:/code/ESP8266_RTOS_SDK-master/examples/user_examples/deli_scan/build/bootloader/bootloader_support\libbootloader_support.a(bootloader_flash.o)
 .debug_frame   0x00000300      0x13c D:/code/ESP8266_RTOS_SDK-master/examples/user_examples/deli_scan/build/bootloader/bootloader_support\libbootloader_support.a(esp_image_format.o)
 .debug_frame   0x0000043c       0x38 D:/code/ESP8266_RTOS_SDK-master/examples/user_examples/deli_scan/build/bootloader/bootloader_support\libbootloader_support.a(flash_partitions.o)
 .debug_frame   0x00000474       0x74 D:/code/ESP8266_RTOS_SDK-master/examples/user_examples/deli_scan/build/bootloader/bootloader_support\libbootloader_support.a(bootloader_common.o)
 .debug_frame   0x000004e8      0x350 D:/code/ESP8266_RTOS_SDK-master/examples/user_examples/deli_scan/build/bootloader/spi_flash\libspi_flash.a(spi_flash.o)
 .debug_frame   0x00000838      0x16c D:/code/ESP8266_RTOS_SDK-master/examples/user_examples/deli_scan/build/bootloader/spi_flash\libspi_flash.a(spi_flash_raw.o)
 .debug_frame   0x000009a4      0x1c8 D:/code/ESP8266_RTOS_SDK-master/examples/user_examples/deli_scan/build/bootloader/spi_flash\libspi_flash.a(port.o)
 .debug_frame   0x00000b6c       0x58 D:/code/ESP8266_RTOS_SDK-master/examples/user_examples/deli_scan/build/bootloader/log\liblog.a(log.o)
 .debug_frame   0x00000bc4       0x80 D:/code/ESP8266_RTOS_SDK-master/examples/user_examples/deli_scan/build/bootloader/esp8266\libesp8266.a(ets_printf.o)
 .debug_frame   0x00000c44       0x40 D:/code/ESP8266_RTOS_SDK-master/examples/user_examples/deli_scan/build/bootloader/util\libutil.a(crc.o)

.debug_info     0x00000000     0x6420
 .debug_info    0x00000000      0x4b5 D:/code/ESP8266_RTOS_SDK-master/examples/user_examples/deli_scan/build/bootloader/main\libmain.a(bootloader_start.o)
 .debug_info    0x000004b5      0xd6f D:/code/ESP8266_RTOS_SDK-master/examples/user_examples/deli_scan/build/bootloader/bootloader_support\libbootloader_support.a(bootloader_utility.o)
 .debug_info    0x00001224      0x4fd D:/code/ESP8266_RTOS_SDK-master/examples/user_examples/deli_scan/build/bootloader/bootloader_support\libbootloader_support.a(bootloader_init.o)
 .debug_info    0x00001721      0x547 D:/code/ESP8266_RTOS_SDK-master/examples/user_examples/deli_scan/build/bootloader/bootloader_support\libbootloader_support.a(bootloader_flash.o)
 .debug_info    0x00001c68      0xcf6 D:/code/ESP8266_RTOS_SDK-master/examples/user_examples/deli_scan/build/bootloader/bootloader_support\libbootloader_support.a(esp_image_format.o)
 .debug_info    0x0000295e      0x3d6 D:/code/ESP8266_RTOS_SDK-master/examples/user_examples/deli_scan/build/bootloader/bootloader_support\libbootloader_support.a(flash_partitions.o)
 .debug_info    0x00002d34      0x341 D:/code/ESP8266_RTOS_SDK-master/examples/user_examples/deli_scan/build/bootloader/bootloader_support\libbootloader_support.a(bootloader_common.o)
 .debug_info    0x00003075     0x134f D:/code/ESP8266_RTOS_SDK-master/examples/user_examples/deli_scan/build/bootloader/spi_flash\libspi_flash.a(spi_flash.o)
 .debug_info    0x000043c4      0x756 D:/code/ESP8266_RTOS_SDK-master/examples/user_examples/deli_scan/build/bootloader/spi_flash\libspi_flash.a(spi_flash_raw.o)
 .debug_info    0x00004b1a     0x11d7 D:/code/ESP8266_RTOS_SDK-master/examples/user_examples/deli_scan/build/bootloader/spi_flash\libspi_flash.a(port.o)
 .debug_info    0x00005cf1      0x307 D:/code/ESP8266_RTOS_SDK-master/examples/user_examples/deli_scan/build/bootloader/log\liblog.a(log.o)
 .debug_info    0x00005ff8      0x21f D:/code/ESP8266_RTOS_SDK-master/examples/user_examples/deli_scan/build/bootloader/esp8266\libesp8266.a(ets_printf.o)
 .debug_info    0x00006217      0x209 D:/code/ESP8266_RTOS_SDK-master/examples/user_examples/deli_scan/build/bootloader/util\libutil.a(crc.o)

.debug_abbrev   0x00000000     0x1724
 .debug_abbrev  0x00000000      0x18e D:/code/ESP8266_RTOS_SDK-master/examples/user_examples/deli_scan/build/bootloader/main\libmain.a(bootloader_start.o)
 .debug_abbrev  0x0000018e      0x238 D:/code/ESP8266_RTOS_SDK-master/examples/user_examples/deli_scan/build/bootloader/bootloader_support\libbootloader_support.a(bootloader_utility.o)
 .debug_abbrev  0x000003c6      0x1c1 D:/code/ESP8266_RTOS_SDK-master/examples/user_examples/deli_scan/build/bootloader/bootloader_support\libbootloader_support.a(bootloader_init.o)
 .debug_abbrev  0x00000587      0x173 D:/code/ESP8266_RTOS_SDK-master/examples/user_examples/deli_scan/build/bootloader/bootloader_support\libbootloader_support.a(bootloader_flash.o)
 .debug_abbrev  0x000006fa      0x1e6 D:/code/ESP8266_RTOS_SDK-master/examples/user_examples/deli_scan/build/bootloader/bootloader_support\libbootloader_support.a(esp_image_format.o)
 .debug_abbrev  0x000008e0      0x16e D:/code/ESP8266_RTOS_SDK-master/examples/user_examples/deli_scan/build/bootloader/bootloader_support\libbootloader_support.a(flash_partitions.o)
 .debug_abbrev  0x00000a4e      0x1aa D:/code/ESP8266_RTOS_SDK-master/examples/user_examples/deli_scan/build/bootloader/bootloader_support\libbootloader_support.a(bootloader_common.o)
 .debug_abbrev  0x00000bf8      0x306 D:/code/ESP8266_RTOS_SDK-master/examples/user_examples/deli_scan/build/bootloader/spi_flash\libspi_flash.a(spi_flash.o)
 .debug_abbrev  0x00000efe      0x176 D:/code/ESP8266_RTOS_SDK-master/examples/user_examples/deli_scan/build/bootloader/spi_flash\libspi_flash.a(spi_flash_raw.o)
 .debug_abbrev  0x00001074      0x2e0 D:/code/ESP8266_RTOS_SDK-master/examples/user_examples/deli_scan/build/bootloader/spi_flash\libspi_flash.a(port.o)
 .debug_abbrev  0x00001354      0x1c8 D:/code/ESP8266_RTOS_SDK-master/examples/user_examples/deli_scan/build/bootloader/log\liblog.a(log.o)
 .debug_abbrev  0x0000151c      0x159 D:/code/ESP8266_RTOS_SDK-master/examples/user_examples/deli_scan/build/bootloader/esp8266\libesp8266.a(ets_printf.o)
 .debug_abbrev  0x00001675       0xaf D:/code/ESP8266_RTOS_SDK-master/examples/user_examples/deli_scan/build/bootloader/util\libutil.a(crc.o)

.debug_loc      0x00000000     0x39b5
 .debug_loc     0x00000000       0x76 D:/code/ESP8266_RTOS_SDK-master/examples/user_examples/deli_scan/build/bootloader/main\libmain.a(bootloader_start.o)
 .debug_loc     0x00000076      0x5b1 D:/code/ESP8266_RTOS_SDK-master/examples/user_examples/deli_scan/build/bootloader/bootloader_support\libbootloader_support.a(bootloader_utility.o)
 .debug_loc     0x00000627       0xf6 D:/code/ESP8266_RTOS_SDK-master/examples/user_examples/deli_scan/build/bootloader/bootloader_support\libbootloader_support.a(bootloader_init.o)
 .debug_loc     0x0000071d      0x3a7 D:/code/ESP8266_RTOS_SDK-master/examples/user_examples/deli_scan/build/bootloader/bootloader_support\libbootloader_support.a(bootloader_flash.o)
 .debug_loc     0x00000ac4      0x991 D:/code/ESP8266_RTOS_SDK-master/examples/user_examples/deli_scan/build/bootloader/bootloader_support\libbootloader_support.a(esp_image_format.o)
 .debug_loc     0x00001455      0x108 D:/code/ESP8266_RTOS_SDK-master/examples/user_examples/deli_scan/build/bootloader/bootloader_support\libbootloader_support.a(flash_partitions.o)
 .debug_loc     0x0000155d      0x2e6 D:/code/ESP8266_RTOS_SDK-master/examples/user_examples/deli_scan/build/bootloader/bootloader_support\libbootloader_support.a(bootloader_common.o)
 .debug_loc     0x00001843     0x10ba D:/code/ESP8266_RTOS_SDK-master/examples/user_examples/deli_scan/build/bootloader/spi_flash\libspi_flash.a(spi_flash.o)
 .debug_loc     0x000028fd      0x5a0 D:/code/ESP8266_RTOS_SDK-master/examples/user_examples/deli_scan/build/bootloader/spi_flash\libspi_flash.a(spi_flash_raw.o)
 .debug_loc     0x00002e9d      0x80a D:/code/ESP8266_RTOS_SDK-master/examples/user_examples/deli_scan/build/bootloader/spi_flash\libspi_flash.a(port.o)
 .debug_loc     0x000036a7       0xe1 D:/code/ESP8266_RTOS_SDK-master/examples/user_examples/deli_scan/build/bootloader/log\liblog.a(log.o)
 .debug_loc     0x00003788       0x9b D:/code/ESP8266_RTOS_SDK-master/examples/user_examples/deli_scan/build/bootloader/esp8266\libesp8266.a(ets_printf.o)
 .debug_loc     0x00003823      0x192 D:/code/ESP8266_RTOS_SDK-master/examples/user_examples/deli_scan/build/bootloader/util\libutil.a(crc.o)

.debug_aranges  0x00000000      0x428
 .debug_aranges
                0x00000000       0x30 D:/code/ESP8266_RTOS_SDK-master/examples/user_examples/deli_scan/build/bootloader/main\libmain.a(bootloader_start.o)
 .debug_aranges
                0x00000030       0x50 D:/code/ESP8266_RTOS_SDK-master/examples/user_examples/deli_scan/build/bootloader/bootloader_support\libbootloader_support.a(bootloader_utility.o)
 .debug_aranges
                0x00000080       0x40 D:/code/ESP8266_RTOS_SDK-master/examples/user_examples/deli_scan/build/bootloader/bootloader_support\libbootloader_support.a(bootloader_init.o)
 .debug_aranges
                0x000000c0       0x48 D:/code/ESP8266_RTOS_SDK-master/examples/user_examples/deli_scan/build/bootloader/bootloader_support\libbootloader_support.a(bootloader_flash.o)
 .debug_aranges
                0x00000108       0x60 D:/code/ESP8266_RTOS_SDK-master/examples/user_examples/deli_scan/build/bootloader/bootloader_support\libbootloader_support.a(esp_image_format.o)
 .debug_aranges
                0x00000168       0x20 D:/code/ESP8266_RTOS_SDK-master/examples/user_examples/deli_scan/build/bootloader/bootloader_support\libbootloader_support.a(flash_partitions.o)
 .debug_aranges
                0x00000188       0x30 D:/code/ESP8266_RTOS_SDK-master/examples/user_examples/deli_scan/build/bootloader/bootloader_support\libbootloader_support.a(bootloader_common.o)
 .debug_aranges
                0x000001b8       0xe8 D:/code/ESP8266_RTOS_SDK-master/examples/user_examples/deli_scan/build/bootloader/spi_flash\libspi_flash.a(spi_flash.o)
 .debug_aranges
                0x000002a0       0x70 D:/code/ESP8266_RTOS_SDK-master/examples/user_examples/deli_scan/build/bootloader/spi_flash\libspi_flash.a(spi_flash_raw.o)
 .debug_aranges
                0x00000310       0x88 D:/code/ESP8266_RTOS_SDK-master/examples/user_examples/deli_scan/build/bootloader/spi_flash\libspi_flash.a(port.o)
 .debug_aranges
                0x00000398       0x28 D:/code/ESP8266_RTOS_SDK-master/examples/user_examples/deli_scan/build/bootloader/log\liblog.a(log.o)
 .debug_aranges
                0x000003c0       0x38 D:/code/ESP8266_RTOS_SDK-master/examples/user_examples/deli_scan/build/bootloader/esp8266\libesp8266.a(ets_printf.o)
 .debug_aranges
                0x000003f8       0x30 D:/code/ESP8266_RTOS_SDK-master/examples/user_examples/deli_scan/build/bootloader/util\libutil.a(crc.o)

.debug_ranges   0x00000000      0x488
 .debug_ranges  0x00000000       0x20 D:/code/ESP8266_RTOS_SDK-master/examples/user_examples/deli_scan/build/bootloader/main\libmain.a(bootloader_start.o)
 .debug_ranges  0x00000020       0x40 D:/code/ESP8266_RTOS_SDK-master/examples/user_examples/deli_scan/build/bootloader/bootloader_support\libbootloader_support.a(bootloader_utility.o)
 .debug_ranges  0x00000060       0x30 D:/code/ESP8266_RTOS_SDK-master/examples/user_examples/deli_scan/build/bootloader/bootloader_support\libbootloader_support.a(bootloader_init.o)
 .debug_ranges  0x00000090       0x38 D:/code/ESP8266_RTOS_SDK-master/examples/user_examples/deli_scan/build/bootloader/bootloader_support\libbootloader_support.a(bootloader_flash.o)
 .debug_ranges  0x000000c8       0x80 D:/code/ESP8266_RTOS_SDK-master/examples/user_examples/deli_scan/build/bootloader/bootloader_support\libbootloader_support.a(esp_image_format.o)
 .debug_ranges  0x00000148       0x40 D:/code/ESP8266_RTOS_SDK-master/examples/user_examples/deli_scan/build/bootloader/bootloader_support\libbootloader_support.a(flash_partitions.o)
 .debug_ranges  0x00000188       0x20 D:/code/ESP8266_RTOS_SDK-master/examples/user_examples/deli_scan/build/bootloader/bootloader_support\libbootloader_support.a(bootloader_common.o)
 .debug_ranges  0x000001a8      0x190 D:/code/ESP8266_RTOS_SDK-master/examples/user_examples/deli_scan/build/bootloader/spi_flash\libspi_flash.a(spi_flash.o)
 .debug_ranges  0x00000338       0x60 D:/code/ESP8266_RTOS_SDK-master/examples/user_examples/deli_scan/build/bootloader/spi_flash\libspi_flash.a(spi_flash_raw.o)
 .debug_ranges  0x00000398       0x90 D:/code/ESP8266_RTOS_SDK-master/examples/user_examples/deli_scan/build/bootloader/spi_flash\libspi_flash.a(port.o)
 .debug_ranges  0x00000428       0x18 D:/code/ESP8266_RTOS_SDK-master/examples/user_examples/deli_scan/build/bootloader/log\liblog.a(log.o)
 .debug_ranges  0x00000440       0x28 D:/code/ESP8266_RTOS_SDK-master/examples/user_examples/deli_scan/build/bootloader/esp8266\libesp8266.a(ets_printf.o)
 .debug_ranges  0x00000468       0x20 D:/code/ESP8266_RTOS_SDK-master/examples/user_examples/deli_scan/build/bootloader/util\libutil.a(crc.o)

.debug_line     0x00000000     0x435c
 .debug_line    0x00000000      0x321 D:/code/ESP8266_RTOS_SDK-master/examples/user_examples/deli_scan/build/bootloader/main\libmain.a(bootloader_start.o)
 .debug_line    0x00000321      0x7fb D:/code/ESP8266_RTOS_SDK-master/examples/user_examples/deli_scan/build/bootloader/bootloader_support\libbootloader_support.a(bootloader_utility.o)
 .debug_line    0x00000b1c      0x43b D:/code/ESP8266_RTOS_SDK-master/examples/user_examples/deli_scan/build/bootloader/bootloader_support\libbootloader_support.a(bootloader_init.o)
 .debug_line    0x00000f57      0x3c3 D:/code/ESP8266_RTOS_SDK-master/examples/user_examples/deli_scan/build/bootloader/bootloader_support\libbootloader_support.a(bootloader_flash.o)
 .debug_line    0x0000131a      0x701 D:/code/ESP8266_RTOS_SDK-master/examples/user_examples/deli_scan/build/bootloader/bootloader_support\libbootloader_support.a(esp_image_format.o)
 .debug_line    0x00001a1b      0x30a D:/code/ESP8266_RTOS_SDK-master/examples/user_examples/deli_scan/build/bootloader/bootloader_support\libbootloader_support.a(flash_partitions.o)
 .debug_line    0x00001d25      0x2ef D:/code/ESP8266_RTOS_SDK-master/examples/user_examples/deli_scan/build/bootloader/bootloader_support\libbootloader_support.a(bootloader_common.o)
 .debug_line    0x00002014      0xcc3 D:/code/ESP8266_RTOS_SDK-master/examples/user_examples/deli_scan/build/bootloader/spi_flash\libspi_flash.a(spi_flash.o)
 .debug_line    0x00002cd7      0x612 D:/code/ESP8266_RTOS_SDK-master/examples/user_examples/deli_scan/build/bootloader/spi_flash\libspi_flash.a(spi_flash_raw.o)
 .debug_line    0x000032e9      0x98b D:/code/ESP8266_RTOS_SDK-master/examples/user_examples/deli_scan/build/bootloader/spi_flash\libspi_flash.a(port.o)
 .debug_line    0x00003c74      0x2ff D:/code/ESP8266_RTOS_SDK-master/examples/user_examples/deli_scan/build/bootloader/log\liblog.a(log.o)
 .debug_line    0x00003f73      0x237 D:/code/ESP8266_RTOS_SDK-master/examples/user_examples/deli_scan/build/bootloader/esp8266\libesp8266.a(ets_printf.o)
 .debug_line    0x000041aa      0x1b2 D:/code/ESP8266_RTOS_SDK-master/examples/user_examples/deli_scan/build/bootloader/util\libutil.a(crc.o)

.debug_str      0x00000000     0x1b7d
 .debug_str     0x00000000      0x470 D:/code/ESP8266_RTOS_SDK-master/examples/user_examples/deli_scan/build/bootloader/main\libmain.a(bootloader_start.o)
                                0x4f9 (size before relaxing)
 .debug_str     0x00000470      0x2f7 D:/code/ESP8266_RTOS_SDK-master/examples/user_examples/deli_scan/build/bootloader/bootloader_support\libbootloader_support.a(bootloader_utility.o)
                                0x74f (size before relaxing)
 .debug_str     0x00000767      0x2b1 D:/code/ESP8266_RTOS_SDK-master/examples/user_examples/deli_scan/build/bootloader/bootloader_support\libbootloader_support.a(bootloader_init.o)
                                0x5b1 (size before relaxing)
 .debug_str     0x00000a18      0x133 D:/code/ESP8266_RTOS_SDK-master/examples/user_examples/deli_scan/build/bootloader/bootloader_support\libbootloader_support.a(bootloader_flash.o)
                                0x3c3 (size before relaxing)
 .debug_str     0x00000b4b      0x1bb D:/code/ESP8266_RTOS_SDK-master/examples/user_examples/deli_scan/build/bootloader/bootloader_support\libbootloader_support.a(esp_image_format.o)
                                0x792 (size before relaxing)
 .debug_str     0x00000d06       0xd7 D:/code/ESP8266_RTOS_SDK-master/examples/user_examples/deli_scan/build/bootloader/bootloader_support\libbootloader_support.a(flash_partitions.o)
                                0x3ca (size before relaxing)
 .debug_str     0x00000ddd      0x15f D:/code/ESP8266_RTOS_SDK-master/examples/user_examples/deli_scan/build/bootloader/bootloader_support\libbootloader_support.a(bootloader_common.o)
                                0x39c (size before relaxing)
 .debug_str     0x00000f3c      0x53f D:/code/ESP8266_RTOS_SDK-master/examples/user_examples/deli_scan/build/bootloader/spi_flash\libspi_flash.a(spi_flash.o)
                                0x934 (size before relaxing)
 .debug_str     0x0000147b      0x120 D:/code/ESP8266_RTOS_SDK-master/examples/user_examples/deli_scan/build/bootloader/spi_flash\libspi_flash.a(spi_flash_raw.o)
                                0x4dd (size before relaxing)
 .debug_str     0x0000159b      0x388 D:/code/ESP8266_RTOS_SDK-master/examples/user_examples/deli_scan/build/bootloader/spi_flash\libspi_flash.a(port.o)
                                0x7f3 (size before relaxing)
 .debug_str     0x00001923      0x124 D:/code/ESP8266_RTOS_SDK-master/examples/user_examples/deli_scan/build/bootloader/log\liblog.a(log.o)
                                0x2df (size before relaxing)
 .debug_str     0x00001a47       0xc5 D:/code/ESP8266_RTOS_SDK-master/examples/user_examples/deli_scan/build/bootloader/esp8266\libesp8266.a(ets_printf.o)
                                0x231 (size before relaxing)
 .debug_str     0x00001b0c       0x71 D:/code/ESP8266_RTOS_SDK-master/examples/user_examples/deli_scan/build/bootloader/util\libutil.a(crc.o)
                                0x195 (size before relaxing)

.comment        0x00000000       0x76
 .comment       0x00000000       0x3c D:/code/ESP8266_RTOS_SDK-master/examples/user_examples/deli_scan/build/bootloader/main\libmain.a(bootloader_start.o)
                                 0x3d (size before relaxing)
 .comment       0x0000003c       0x3d D:/code/ESP8266_RTOS_SDK-master/examples/user_examples/deli_scan/build/bootloader/bootloader_support\libbootloader_support.a(bootloader_utility.o)
 .comment       0x0000003c       0x3d D:/code/ESP8266_RTOS_SDK-master/examples/user_examples/deli_scan/build/bootloader/bootloader_support\libbootloader_support.a(bootloader_init.o)
 .comment       0x0000003c       0x3d D:/code/ESP8266_RTOS_SDK-master/examples/user_examples/deli_scan/build/bootloader/bootloader_support\libbootloader_support.a(bootloader_flash.o)
 .comment       0x0000003c       0x3d D:/code/ESP8266_RTOS_SDK-master/examples/user_examples/deli_scan/build/bootloader/bootloader_support\libbootloader_support.a(esp_image_format.o)
 .comment       0x0000003c       0x3d D:/code/ESP8266_RTOS_SDK-master/examples/user_examples/deli_scan/build/bootloader/bootloader_support\libbootloader_support.a(flash_partitions.o)
 .comment       0x0000003c       0x3d D:/code/ESP8266_RTOS_SDK-master/examples/user_examples/deli_scan/build/bootloader/bootloader_support\libbootloader_support.a(bootloader_common.o)
 .comment       0x0000003c       0x3d D:/code/ESP8266_RTOS_SDK-master/examples/user_examples/deli_scan/build/bootloader/spi_flash\libspi_flash.a(spi_flash.o)
 .comment       0x0000003c       0x3d D:/code/ESP8266_RTOS_SDK-master/examples/user_examples/deli_scan/build/bootloader/spi_flash\libspi_flash.a(spi_flash_raw.o)
 .comment       0x0000003c       0x3d D:/code/ESP8266_RTOS_SDK-master/examples/user_examples/deli_scan/build/bootloader/spi_flash\libspi_flash.a(port.o)
 .comment       0x0000003c       0x3d D:/code/ESP8266_RTOS_SDK-master/examples/user_examples/deli_scan/build/bootloader/log\liblog.a(log.o)
 .comment       0x0000003c       0x3d D:/code/ESP8266_RTOS_SDK-master/examples/user_examples/deli_scan/build/bootloader/esp8266\libesp8266.a(ets_printf.o)
 .comment       0x0000003c       0x3d D:/code/ESP8266_RTOS_SDK-master/examples/user_examples/deli_scan/build/bootloader/util\libutil.a(crc.o)
 .comment       0x0000003c       0x3a D:/code/ESP8266_RTOS_SDK/components/esp8266/lib\libcore.a(phy.o)
                                 0x3b (size before relaxing)
 .comment       0x00000076       0x3b D:/code/ESP8266_RTOS_SDK/components/esp8266/lib\libcore.a(uart.o)

.xtensa.info    0x00000000       0x38
 .xtensa.info   0x00000000       0x38 D:/code/ESP8266_RTOS_SDK-master/examples/user_examples/deli_scan/build/bootloader/main\libmain.a(bootloader_start.o)
 .xtensa.info   0x00000038        0x0 D:/code/ESP8266_RTOS_SDK-master/examples/user_examples/deli_scan/build/bootloader/bootloader_support\libbootloader_support.a(bootloader_utility.o)
 .xtensa.info   0x00000038        0x0 D:/code/ESP8266_RTOS_SDK-master/examples/user_examples/deli_scan/build/bootloader/bootloader_support\libbootloader_support.a(bootloader_init.o)
 .xtensa.info   0x00000038        0x0 D:/code/ESP8266_RTOS_SDK-master/examples/user_examples/deli_scan/build/bootloader/bootloader_support\libbootloader_support.a(bootloader_flash.o)
 .xtensa.info   0x00000038        0x0 D:/code/ESP8266_RTOS_SDK-master/examples/user_examples/deli_scan/build/bootloader/bootloader_support\libbootloader_support.a(esp_image_format.o)
 .xtensa.info   0x00000038        0x0 D:/code/ESP8266_RTOS_SDK-master/examples/user_examples/deli_scan/build/bootloader/bootloader_support\libbootloader_support.a(flash_partitions.o)
 .xtensa.info   0x00000038        0x0 D:/code/ESP8266_RTOS_SDK-master/examples/user_examples/deli_scan/build/bootloader/bootloader_support\libbootloader_support.a(bootloader_common.o)
 .xtensa.info   0x00000038        0x0 D:/code/ESP8266_RTOS_SDK-master/examples/user_examples/deli_scan/build/bootloader/spi_flash\libspi_flash.a(spi_flash.o)
 .xtensa.info   0x00000038        0x0 D:/code/ESP8266_RTOS_SDK-master/examples/user_examples/deli_scan/build/bootloader/spi_flash\libspi_flash.a(spi_flash_raw.o)
 .xtensa.info   0x00000038        0x0 D:/code/ESP8266_RTOS_SDK-master/examples/user_examples/deli_scan/build/bootloader/spi_flash\libspi_flash.a(port.o)
 .xtensa.info   0x00000038        0x0 D:/code/ESP8266_RTOS_SDK-master/examples/user_examples/deli_scan/build/bootloader/log\liblog.a(log.o)
 .xtensa.info   0x00000038        0x0 D:/code/ESP8266_RTOS_SDK-master/examples/user_examples/deli_scan/build/bootloader/esp8266\libesp8266.a(ets_printf.o)
 .xtensa.info   0x00000038        0x0 D:/code/ESP8266_RTOS_SDK-master/examples/user_examples/deli_scan/build/bootloader/util\libutil.a(crc.o)
 .xtensa.info   0x00000038        0x0 D:/code/ESP8266_RTOS_SDK/components/esp8266/lib\libcore.a(phy.o)
 .xtensa.info   0x00000038        0x0 D:/code/ESP8266_RTOS_SDK/components/esp8266/lib\libcore.a(uart.o)
