Archive member included to satisfy reference by file (symbol)

D:/code/ESP8266_RTOS_SDK-master/examples/user_examples/rtos_location/build/bootloader/main\libmain.a(bootloader_start.o)
                              (call_start_cpu)
D:/code/ESP8266_RTOS_SDK-master/examples/user_examples/rtos_location/build/bootloader/bootloader_support\libbootloader_support.a(bootloader_utility.o)
                              D:/code/ESP8266_RTOS_SDK-master/examples/user_examples/rtos_location/build/bootloader/main\libmain.a(bootloader_start.o) (bootloader_utility_load_partition_table)
D:/code/ESP8266_RTOS_SDK-master/examples/user_examples/rtos_location/build/bootloader/bootloader_support\libbootloader_support.a(bootloader_init.o)
                              D:/code/ESP8266_RTOS_SDK-master/examples/user_examples/rtos_location/build/bootloader/main\libmain.a(bootloader_start.o) (bootloader_init)
D:/code/ESP8266_RTOS_SDK-master/examples/user_examples/rtos_location/build/bootloader/bootloader_support\libbootloader_support.a(bootloader_flash.o)
                              D:/code/ESP8266_RTOS_SDK-master/examples/user_examples/rtos_location/build/bootloader/bootloader_support\libbootloader_support.a(bootloader_utility.o) (bootloader_mmap)
D:/code/ESP8266_RTOS_SDK-master/examples/user_examples/rtos_location/build/bootloader/bootloader_support\libbootloader_support.a(esp_image_format.o)
                              D:/code/ESP8266_RTOS_SDK-master/examples/user_examples/rtos_location/build/bootloader/bootloader_support\libbootloader_support.a(bootloader_utility.o) (esp_image_load)
D:/code/ESP8266_RTOS_SDK-master/examples/user_examples/rtos_location/build/bootloader/bootloader_support\libbootloader_support.a(flash_partitions.o)
                              D:/code/ESP8266_RTOS_SDK-master/examples/user_examples/rtos_location/build/bootloader/bootloader_support\libbootloader_support.a(bootloader_utility.o) (esp_partition_table_basic_verify)
D:/code/ESP8266_RTOS_SDK-master/examples/user_examples/rtos_location/build/bootloader/bootloader_support\libbootloader_support.a(bootloader_common.o)
                              D:/code/ESP8266_RTOS_SDK-master/examples/user_examples/rtos_location/build/bootloader/bootloader_support\libbootloader_support.a(bootloader_utility.o) (bootloader_common_ota_select_valid)
D:/code/ESP8266_RTOS_SDK-master/examples/user_examples/rtos_location/build/bootloader/spi_flash\libspi_flash.a(spi_flash.o)
                              D:/code/ESP8266_RTOS_SDK-master/examples/user_examples/rtos_location/build/bootloader/bootloader_support\libbootloader_support.a(flash_partitions.o) (g_rom_flashchip)
D:/code/ESP8266_RTOS_SDK-master/examples/user_examples/rtos_location/build/bootloader/spi_flash\libspi_flash.a(spi_flash_raw.o)
                              D:/code/ESP8266_RTOS_SDK-master/examples/user_examples/rtos_location/build/bootloader/spi_flash\libspi_flash.a(spi_flash.o) (spi_flash_get_id_raw)
D:/code/ESP8266_RTOS_SDK-master/examples/user_examples/rtos_location/build/bootloader/spi_flash\libspi_flash.a(port.o)
                              D:/code/ESP8266_RTOS_SDK-master/examples/user_examples/rtos_location/build/bootloader/bootloader_support\libbootloader_support.a(bootloader_utility.o) (esp_patition_table_init_location)
D:/code/ESP8266_RTOS_SDK-master/examples/user_examples/rtos_location/build/bootloader/log\liblog.a(log.o)
                              D:/code/ESP8266_RTOS_SDK-master/examples/user_examples/rtos_location/build/bootloader/bootloader_support\libbootloader_support.a(bootloader_common.o) (esp_log_early_timestamp)
D:/code/ESP8266_RTOS_SDK-master/examples/user_examples/rtos_location/build/bootloader/esp8266\libesp8266.a(ets_printf.o)
                              D:/code/ESP8266_RTOS_SDK-master/examples/user_examples/rtos_location/build/bootloader/log\liblog.a(log.o) (ets_vprintf)
D:/code/ESP8266_RTOS_SDK-master/examples/user_examples/rtos_location/build/bootloader/util\libutil.a(crc.o)
                              D:/code/ESP8266_RTOS_SDK-master/examples/user_examples/rtos_location/build/bootloader/bootloader_support\libbootloader_support.a(bootloader_common.o) (crc32_le)
D:/code/ESP8266_RTOS_SDK/components/esp8266/lib\libcore.a(phy.o)
                              D:/code/ESP8266_RTOS_SDK-master/examples/user_examples/rtos_location/build/bootloader/bootloader_support\libbootloader_support.a(bootloader_init.o) (phy_reg_default)
D:/code/ESP8266_RTOS_SDK/components/esp8266/lib\libcore.a(uart.o)
                              D:/code/ESP8266_RTOS_SDK-master/examples/user_examples/rtos_location/build/bootloader/bootloader_support\libbootloader_support.a(bootloader_init.o) (uart_div_modify)

Allocating common symbols
Common symbol       size              file

esp_image_spi_freq_t
                    0x4               D:/code/ESP8266_RTOS_SDK-master/examples/user_examples/rtos_location/build/bootloader/main\libmain.a(bootloader_start.o)

Discarded input sections

[...]
Memory Configuration

Name             Origin             Length             Attributes
dport0_seg       0x3ff00000         0x00000010
dram_seg         0x3ffe8000         0x00017c00
iram_seg         0x40100000         0x00008000
*default*        0x00000000         0xffffffff

Linker script and memory map

START GROUP
LOAD D:/code/ESP8266_RTOS_SDK-master/examples/user_examples/rtos_location/build/bootloader/main\libmain.a
LOAD D:/code/ESP8266_RTOS_SDK/components/esp8266/lib\libcore.a
LOAD D:/code/ESP8266_RTOS_SDK-master/examples/user_examples/rtos_location/build/bootloader/bootloader_support\libbootloader_support.a
LOAD D:/code/ESP8266_RTOS_SDK-master/examples/user_examples/rtos_location/build/bootloader/spi_flash\libspi_flash.a
LOAD D:/code/ESP8266_RTOS_SDK-master/examples/user_examples/rtos_location/build/bootloader/log\liblog.a
LOAD D:/code/ESP8266_RTOS_SDK-master/examples/user_examples/rtos_location/build/bootloader/esp8266\libesp8266.a
LOAD D:/code/ESP8266_RTOS_SDK-master/examples/user_examples/rtos_location/build/bootloader/util\libutil.a
LOAD D:/code/ESP8266_RTOS_SDK/components/esp8266/lib\libgcc.a
LOAD c:/msys32/opt/xtensa-lx106-elf/bin/../xtensa-lx106-elf/sysroot/lib\libstdc++.a
LOAD c:/msys32/opt/xtensa-lx106-elf/bin/../lib/gcc/xtensa-lx106-elf/5.2.0\libgcov.a
END GROUP

.text           0x40100000     0x1a08
                0x40100000                _stext = .
                0x40100000                _text_start = ABSOLUTE (.)
                0x40100000                . = ALIGN (0x10)
 *(.entry.text)
 *(.init.literal)
 *(.init)
 *(.literal .text .literal.* .text.* .stub .gnu.warning .gnu.linkonce.literal.* .gnu.linkonce.t.*.literal .gnu.linkonce.t.*)
 .literal.selected_boot_partition
                0x40100000        0x0 D:/code/ESP8266_RTOS_SDK-master/examples/user_examples/rtos_location/build/bootloader/main\libmain.a(bootloader_start.o)
                                  0x4 (size before relaxing)
 .literal.select_image
                0x40100000        0x4 D:/code/ESP8266_RTOS_SDK-master/examples/user_examples/rtos_location/build/bootloader/main\libmain.a(bootloader_start.o)
                                 0x10 (size before relaxing)
 .literal.call_start_cpu
                0x40100004        0x0 D:/code/ESP8266_RTOS_SDK-master/examples/user_examples/rtos_location/build/bootloader/main\libmain.a(bootloader_start.o)
                                  0xc (size before relaxing)
 .literal.try_load_partition
                0x40100004        0x0 D:/code/ESP8266_RTOS_SDK-master/examples/user_examples/rtos_location/build/bootloader/bootloader_support\libbootloader_support.a(bootloader_utility.o)
                                  0x4 (size before relaxing)
 .literal.bootloader_utility_load_partition_table
                0x40100004       0x10 D:/code/ESP8266_RTOS_SDK-master/examples/user_examples/rtos_location/build/bootloader/bootloader_support\libbootloader_support.a(bootloader_utility.o)
                                 0x24 (size before relaxing)
 .literal.bootloader_utility_get_selected_boot_partition
                0x40100014        0x8 D:/code/ESP8266_RTOS_SDK-master/examples/user_examples/rtos_location/build/bootloader/bootloader_support\libbootloader_support.a(bootloader_utility.o)
                                 0x28 (size before relaxing)
 .literal.bootloader_utility_load_boot_image
                0x4010001c        0x0 D:/code/ESP8266_RTOS_SDK-master/examples/user_examples/rtos_location/build/bootloader/bootloader_support\libbootloader_support.a(bootloader_utility.o)
                                 0x1c (size before relaxing)
 .literal.bootloader_utility_load_image
                0x4010001c        0x0 D:/code/ESP8266_RTOS_SDK-master/examples/user_examples/rtos_location/build/bootloader/bootloader_support\libbootloader_support.a(bootloader_utility.o)
                                  0x4 (size before relaxing)
 .literal.uart_console_configure
                0x4010001c        0x0 D:/code/ESP8266_RTOS_SDK-master/examples/user_examples/rtos_location/build/bootloader/bootloader_support\libbootloader_support.a(bootloader_init.o)
                                  0x4 (size before relaxing)
 .literal.update_flash_config
                0x4010001c        0x4 D:/code/ESP8266_RTOS_SDK-master/examples/user_examples/rtos_location/build/bootloader/bootloader_support\libbootloader_support.a(bootloader_init.o)
                                  0x8 (size before relaxing)
 .literal.bootloader_main
                0x40100020        0x0 D:/code/ESP8266_RTOS_SDK-master/examples/user_examples/rtos_location/build/bootloader/bootloader_support\libbootloader_support.a(bootloader_init.o)
                                 0x10 (size before relaxing)
 .literal.bootloader_init
                0x40100020        0x8 D:/code/ESP8266_RTOS_SDK-master/examples/user_examples/rtos_location/build/bootloader/bootloader_support\libbootloader_support.a(bootloader_init.o)
                                 0x10 (size before relaxing)
 .literal.bootloader_flash_read_no_decrypt
                0x40100028        0x4 D:/code/ESP8266_RTOS_SDK-master/examples/user_examples/rtos_location/build/bootloader/bootloader_support\libbootloader_support.a(bootloader_flash.o)
 .literal.bootloader_mmap
                0x4010002c       0x24 D:/code/ESP8266_RTOS_SDK-master/examples/user_examples/rtos_location/build/bootloader/bootloader_support\libbootloader_support.a(bootloader_flash.o)
                                 0x28 (size before relaxing)
 .literal.bootloader_munmap
                0x40100050        0x0 D:/code/ESP8266_RTOS_SDK-master/examples/user_examples/rtos_location/build/bootloader/bootloader_support\libbootloader_support.a(bootloader_flash.o)
                                  0x8 (size before relaxing)
 .literal.bootloader_flash_read
                0x40100050        0x0 D:/code/ESP8266_RTOS_SDK-master/examples/user_examples/rtos_location/build/bootloader/bootloader_support\libbootloader_support.a(bootloader_flash.o)
                                  0x4 (size before relaxing)
 .literal.verify_image_header
                0x40100050        0x4 D:/code/ESP8266_RTOS_SDK-master/examples/user_examples/rtos_location/build/bootloader/bootloader_support\libbootloader_support.a(esp_image_format.o)
 .literal.should_map
                0x40100054        0x4 D:/code/ESP8266_RTOS_SDK-master/examples/user_examples/rtos_location/build/bootloader/bootloader_support\libbootloader_support.a(esp_image_format.o)
                                  0x8 (size before relaxing)
 .literal.should_load
                0x40100058        0x0 D:/code/ESP8266_RTOS_SDK-master/examples/user_examples/rtos_location/build/bootloader/bootloader_support\libbootloader_support.a(esp_image_format.o)
                                  0x4 (size before relaxing)
 .literal.process_segment_data
                0x40100058        0x4 D:/code/ESP8266_RTOS_SDK-master/examples/user_examples/rtos_location/build/bootloader/bootloader_support\libbootloader_support.a(esp_image_format.o)
                                  0x8 (size before relaxing)
 .literal.verify_checksum
                0x4010005c        0x0 D:/code/ESP8266_RTOS_SDK-master/examples/user_examples/rtos_location/build/bootloader/bootloader_support\libbootloader_support.a(esp_image_format.o)
                                  0x8 (size before relaxing)
 .literal.process_segment
                0x4010005c        0x0 D:/code/ESP8266_RTOS_SDK-master/examples/user_examples/rtos_location/build/bootloader/bootloader_support\libbootloader_support.a(esp_image_format.o)
                                 0x14 (size before relaxing)
 .literal.esp_image_load
                0x4010005c        0x4 D:/code/ESP8266_RTOS_SDK-master/examples/user_examples/rtos_location/build/bootloader/bootloader_support\libbootloader_support.a(esp_image_format.o)
                                 0x20 (size before relaxing)
 .literal.esp_partition_table_basic_verify
                0x40100060        0xc D:/code/ESP8266_RTOS_SDK-master/examples/user_examples/rtos_location/build/bootloader/bootloader_support\libbootloader_support.a(flash_partitions.o)
                                 0x10 (size before relaxing)
 .literal.bootloader_common_ota_select_crc
                0x4010006c        0x0 D:/code/ESP8266_RTOS_SDK-master/examples/user_examples/rtos_location/build/bootloader/bootloader_support\libbootloader_support.a(bootloader_common.o)
                                  0x4 (size before relaxing)
 .literal.bootloader_common_ota_select_valid
                0x4010006c        0x0 D:/code/ESP8266_RTOS_SDK-master/examples/user_examples/rtos_location/build/bootloader/bootloader_support\libbootloader_support.a(bootloader_common.o)
                                  0x4 (size before relaxing)
 .literal.spi_user_cmd
                0x4010006c        0x4 D:/code/ESP8266_RTOS_SDK-master/examples/user_examples/rtos_location/build/bootloader/spi_flash\libspi_flash.a(spi_flash.o)
                                  0xc (size before relaxing)
 .literal.special_flash_read_status
                0x40100070        0x0 D:/code/ESP8266_RTOS_SDK-master/examples/user_examples/rtos_location/build/bootloader/spi_flash\libspi_flash.a(spi_flash.o)
                                  0x4 (size before relaxing)
 .literal.flash_gd25q32c_read_status
                0x40100070        0x0 D:/code/ESP8266_RTOS_SDK-master/examples/user_examples/rtos_location/build/bootloader/spi_flash\libspi_flash.a(spi_flash.o)
                                  0x4 (size before relaxing)
 .literal.special_flash_write_status
                0x40100070        0x0 D:/code/ESP8266_RTOS_SDK-master/examples/user_examples/rtos_location/build/bootloader/spi_flash\libspi_flash.a(spi_flash.o)
                                  0x8 (size before relaxing)
 .literal.spi_flash_enable_qio_bit6
                0x40100070        0x0 D:/code/ESP8266_RTOS_SDK-master/examples/user_examples/rtos_location/build/bootloader/spi_flash\libspi_flash.a(spi_flash.o)
                                  0x4 (size before relaxing)
 .literal.flash_gd25q32c_write_status
                0x40100070        0x0 D:/code/ESP8266_RTOS_SDK-master/examples/user_examples/rtos_location/build/bootloader/spi_flash\libspi_flash.a(spi_flash.o)
                                  0x4 (size before relaxing)
 .literal.flash_gd25q32c_enable_QIO_mode
                0x40100070        0x0 D:/code/ESP8266_RTOS_SDK-master/examples/user_examples/rtos_location/build/bootloader/spi_flash\libspi_flash.a(spi_flash.o)
                                  0xc (size before relaxing)
 .literal.en25q16x_read_sfdp
                0x40100070        0x4 D:/code/ESP8266_RTOS_SDK-master/examples/user_examples/rtos_location/build/bootloader/spi_flash\libspi_flash.a(spi_flash.o)
                                  0x8 (size before relaxing)
 .literal.spi_flash_get_id
                0x40100074        0x0 D:/code/ESP8266_RTOS_SDK-master/examples/user_examples/rtos_location/build/bootloader/spi_flash\libspi_flash.a(spi_flash.o)
                                  0xc (size before relaxing)
 .literal.spi_flash_read_status
                0x40100074        0x0 D:/code/ESP8266_RTOS_SDK-master/examples/user_examples/rtos_location/build/bootloader/spi_flash\libspi_flash.a(spi_flash.o)
                                  0xc (size before relaxing)
 .literal.spi_flash_issi_enable_QIO_mode
                0x40100074        0x0 D:/code/ESP8266_RTOS_SDK-master/examples/user_examples/rtos_location/build/bootloader/spi_flash\libspi_flash.a(spi_flash.o)
                                  0xc (size before relaxing)
 .literal.special_flash_set_mode
                0x40100074        0x0 D:/code/ESP8266_RTOS_SDK-master/examples/user_examples/rtos_location/build/bootloader/spi_flash\libspi_flash.a(spi_flash.o)
                                  0x8 (size before relaxing)
 .literal.en25q16x_write_volatile_status
                0x40100074        0x0 D:/code/ESP8266_RTOS_SDK-master/examples/user_examples/rtos_location/build/bootloader/spi_flash\libspi_flash.a(spi_flash.o)
                                 0x14 (size before relaxing)
 .literal.user_spi_flash_dio_to_qio_pre_init
                0x40100074        0xc D:/code/ESP8266_RTOS_SDK-master/examples/user_examples/rtos_location/build/bootloader/spi_flash\libspi_flash.a(spi_flash.o)
                                 0x30 (size before relaxing)
 .literal.esp_spi_flash_init
                0x40100080       0x18 D:/code/ESP8266_RTOS_SDK-master/examples/user_examples/rtos_location/build/bootloader/spi_flash\libspi_flash.a(spi_flash.o)
                                 0x1c (size before relaxing)
 .literal.Cache_Read_Disable_2
                0x40100098        0xc D:/code/ESP8266_RTOS_SDK-master/examples/user_examples/rtos_location/build/bootloader/spi_flash\libspi_flash.a(spi_flash_raw.o)
                                 0x10 (size before relaxing)
 .literal.Cache_Read_Enable_2
                0x401000a4        0x4 D:/code/ESP8266_RTOS_SDK-master/examples/user_examples/rtos_location/build/bootloader/spi_flash\libspi_flash.a(spi_flash_raw.o)
                                  0xc (size before relaxing)
 .literal.spi_flash_get_id_raw
                0x401000a8       0x10 D:/code/ESP8266_RTOS_SDK-master/examples/user_examples/rtos_location/build/bootloader/spi_flash\libspi_flash.a(spi_flash_raw.o)
                                 0x1c (size before relaxing)
 .literal.spi_flash_read_status_raw
                0x401000b8        0x4 D:/code/ESP8266_RTOS_SDK-master/examples/user_examples/rtos_location/build/bootloader/spi_flash\libspi_flash.a(spi_flash_raw.o)
                                  0xc (size before relaxing)
 .literal.spi_flash_enable_qmode_raw
                0x401000bc        0x4 D:/code/ESP8266_RTOS_SDK-master/examples/user_examples/rtos_location/build/bootloader/spi_flash\libspi_flash.a(spi_flash_raw.o)
                                 0x10 (size before relaxing)
 .literal.spi_user_cmd_raw
                0x401000c0       0x64 D:/code/ESP8266_RTOS_SDK-master/examples/user_examples/rtos_location/build/bootloader/spi_flash\libspi_flash.a(spi_flash_raw.o)
                                 0x8c (size before relaxing)
 .literal.spi_flash_switch_to_qio_raw
                0x40100124        0x8 D:/code/ESP8266_RTOS_SDK-master/examples/user_examples/rtos_location/build/bootloader/spi_flash\libspi_flash.a(spi_flash_raw.o)
                                  0xc (size before relaxing)
 .literal.esp_hw_reset
                0x4010012c       0x10 D:/code/ESP8266_RTOS_SDK-master/examples/user_examples/rtos_location/build/bootloader/spi_flash\libspi_flash.a(port.o)
 .literal.esp_hw_feed_wdt
                0x4010013c        0x0 D:/code/ESP8266_RTOS_SDK-master/examples/user_examples/rtos_location/build/bootloader/spi_flash\libspi_flash.a(port.o)
                                  0x4 (size before relaxing)
 .literal.spi_flash_read_data
                0x4010013c        0x8 D:/code/ESP8266_RTOS_SDK-master/examples/user_examples/rtos_location/build/bootloader/spi_flash\libspi_flash.a(port.o)
                                  0xc (size before relaxing)
 .literal.esp_sdk_update_from_v2
                0x40100144        0x4 D:/code/ESP8266_RTOS_SDK-master/examples/user_examples/rtos_location/build/bootloader/spi_flash\libspi_flash.a(port.o)
                                  0xc (size before relaxing)
 .literal.get_v2_flash_map_size
                0x40100148       0x10 D:/code/ESP8266_RTOS_SDK-master/examples/user_examples/rtos_location/build/bootloader/spi_flash\libspi_flash.a(port.o)
                                 0x14 (size before relaxing)
 .literal.esp_get_updated_partition_table_addr
                0x40100158        0xc D:/code/ESP8266_RTOS_SDK-master/examples/user_examples/rtos_location/build/bootloader/spi_flash\libspi_flash.a(port.o)
                                 0x2c (size before relaxing)
 .literal.spi_flash_erase
                0x40100164        0x4 D:/code/ESP8266_RTOS_SDK-master/examples/user_examples/rtos_location/build/bootloader/spi_flash\libspi_flash.a(port.o)
                                  0x8 (size before relaxing)
 .literal.spi_flash_write_data
                0x40100168        0x4 D:/code/ESP8266_RTOS_SDK-master/examples/user_examples/rtos_location/build/bootloader/spi_flash\libspi_flash.a(port.o)
                                  0x8 (size before relaxing)
 .literal.spi_flash_write_data_safe
                0x4010016c        0x8 D:/code/ESP8266_RTOS_SDK-master/examples/user_examples/rtos_location/build/bootloader/spi_flash\libspi_flash.a(port.o)
                                 0x14 (size before relaxing)
 .literal.esp_flash_sector_copy
                0x40100174        0x4 D:/code/ESP8266_RTOS_SDK-master/examples/user_examples/rtos_location/build/bootloader/spi_flash\libspi_flash.a(port.o)
                                 0x10 (size before relaxing)
 .literal.esp_set_v2boot_app1
                0x40100178        0x4 D:/code/ESP8266_RTOS_SDK-master/examples/user_examples/rtos_location/build/bootloader/spi_flash\libspi_flash.a(port.o)
                                 0x1c (size before relaxing)
 .literal.esp_patition_table_init_location
                0x4010017c        0x0 D:/code/ESP8266_RTOS_SDK-master/examples/user_examples/rtos_location/build/bootloader/spi_flash\libspi_flash.a(port.o)
                                 0x18 (size before relaxing)
 .literal.esp_patition_table_init_data
                0x4010017c        0x0 D:/code/ESP8266_RTOS_SDK-master/examples/user_examples/rtos_location/build/bootloader/spi_flash\libspi_flash.a(port.o)
                                 0x24 (size before relaxing)
 .literal.crc32_le
                0x4010017c        0x4 D:/code/ESP8266_RTOS_SDK-master/examples/user_examples/rtos_location/build/bootloader/util\libutil.a(crc.o)
 .text.selected_boot_partition
                0x40100180        0xf D:/code/ESP8266_RTOS_SDK-master/examples/user_examples/rtos_location/build/bootloader/main\libmain.a(bootloader_start.o)
                                 0x13 (size before relaxing)
 *fill*         0x4010018f        0x1 
 .text.select_image
                0x40100190       0x57 D:/code/ESP8266_RTOS_SDK-master/examples/user_examples/rtos_location/build/bootloader/main\libmain.a(bootloader_start.o)
                                 0x63 (size before relaxing)
 *fill*         0x401001e7        0x1 
 .text.call_start_cpu
                0x401001e8       0x26 D:/code/ESP8266_RTOS_SDK-master/examples/user_examples/rtos_location/build/bootloader/main\libmain.a(bootloader_start.o)
                                 0x2e (size before relaxing)
                0x401001e8                call_start_cpu
 *fill*         0x4010020e        0x2 
 .text.try_load_partition
                0x40100210       0x2a D:/code/ESP8266_RTOS_SDK-master/examples/user_examples/rtos_location/build/bootloader/bootloader_support\libbootloader_support.a(bootloader_utility.o)
 *fill*         0x4010023a        0x2 
 .text.bootloader_utility_load_partition_table
                0x4010023c       0xdf D:/code/ESP8266_RTOS_SDK-master/examples/user_examples/rtos_location/build/bootloader/bootloader_support\libbootloader_support.a(bootloader_utility.o)
                                 0xef (size before relaxing)
                0x4010023c                bootloader_utility_load_partition_table
 *fill*         0x4010031b        0x1 
 .text.bootloader_utility_get_selected_boot_partition
                0x4010031c       0xee D:/code/ESP8266_RTOS_SDK-master/examples/user_examples/rtos_location/build/bootloader/bootloader_support\libbootloader_support.a(bootloader_utility.o)
                                 0xf6 (size before relaxing)
                0x4010031c                bootloader_utility_get_selected_boot_partition
 *fill*         0x4010040a        0x2 
 .text.bootloader_utility_load_boot_image
                0x4010040c       0xa3 D:/code/ESP8266_RTOS_SDK-master/examples/user_examples/rtos_location/build/bootloader/bootloader_support\libbootloader_support.a(bootloader_utility.o)
                                 0xb3 (size before relaxing)
                0x4010040c                bootloader_utility_load_boot_image
 *fill*         0x401004af        0x1 
 .text.bootloader_utility_load_image
                0x401004b0       0x21 D:/code/ESP8266_RTOS_SDK-master/examples/user_examples/rtos_location/build/bootloader/bootloader_support\libbootloader_support.a(bootloader_utility.o)
                                 0x25 (size before relaxing)
                0x401004b0                bootloader_utility_load_image
 *fill*         0x401004d1        0x3 
 .text.uart_console_configure
                0x401004d4       0x17 D:/code/ESP8266_RTOS_SDK-master/examples/user_examples/rtos_location/build/bootloader/bootloader_support\libbootloader_support.a(bootloader_init.o)
 *fill*         0x401004eb        0x1 
 .text.update_flash_config
                0x401004ec       0x21 D:/code/ESP8266_RTOS_SDK-master/examples/user_examples/rtos_location/build/bootloader/bootloader_support\libbootloader_support.a(bootloader_init.o)
 *fill*         0x4010050d        0x3 
 .text.bootloader_main
                0x40100510       0x39 D:/code/ESP8266_RTOS_SDK-master/examples/user_examples/rtos_location/build/bootloader/bootloader_support\libbootloader_support.a(bootloader_init.o)
                                 0x45 (size before relaxing)
 *fill*         0x40100549        0x3 
 .text.bootloader_init
                0x4010054c       0x25 D:/code/ESP8266_RTOS_SDK-master/examples/user_examples/rtos_location/build/bootloader/bootloader_support\libbootloader_support.a(bootloader_init.o)
                                 0x29 (size before relaxing)
                0x4010054c                bootloader_init
 *fill*         0x40100571        0x3 
 .text.bootloader_flash_read_no_decrypt
                0x40100574       0x15 D:/code/ESP8266_RTOS_SDK-master/examples/user_examples/rtos_location/build/bootloader/bootloader_support\libbootloader_support.a(bootloader_flash.o)
 *fill*         0x40100589        0x3 
 .text.bootloader_mmap
                0x4010058c       0x8b D:/code/ESP8266_RTOS_SDK-master/examples/user_examples/rtos_location/build/bootloader/bootloader_support\libbootloader_support.a(bootloader_flash.o)
                0x4010058c                bootloader_mmap
 *fill*         0x40100617        0x1 
 .text.bootloader_munmap
                0x40100618       0x23 D:/code/ESP8266_RTOS_SDK-master/examples/user_examples/rtos_location/build/bootloader/bootloader_support\libbootloader_support.a(bootloader_flash.o)
                0x40100618                bootloader_munmap
 *fill*         0x4010063b        0x1 
 .text.bootloader_flash_read
                0x4010063c       0x2f D:/code/ESP8266_RTOS_SDK-master/examples/user_examples/rtos_location/build/bootloader/bootloader_support\libbootloader_support.a(bootloader_flash.o)
                                 0x33 (size before relaxing)
                0x4010063c                bootloader_flash_read
 *fill*         0x4010066b        0x1 
 .text.verify_image_header
                0x4010066c       0x12 D:/code/ESP8266_RTOS_SDK-master/examples/user_examples/rtos_location/build/bootloader/bootloader_support\libbootloader_support.a(esp_image_format.o)
 *fill*         0x4010067e        0x2 
 .text.should_map
                0x40100680       0x15 D:/code/ESP8266_RTOS_SDK-master/examples/user_examples/rtos_location/build/bootloader/bootloader_support\libbootloader_support.a(esp_image_format.o)
 *fill*         0x40100695        0x3 
 .text.should_load
                0x40100698       0x19 D:/code/ESP8266_RTOS_SDK-master/examples/user_examples/rtos_location/build/bootloader/bootloader_support\libbootloader_support.a(esp_image_format.o)
                                 0x1d (size before relaxing)
 *fill*         0x401006b1        0x3 
 .text.process_segment_data
                0x401006b4       0x6f D:/code/ESP8266_RTOS_SDK-master/examples/user_examples/rtos_location/build/bootloader/bootloader_support\libbootloader_support.a(esp_image_format.o)
 *fill*         0x40100723        0x1 
 .text.verify_checksum
                0x40100724       0x6c D:/code/ESP8266_RTOS_SDK-master/examples/user_examples/rtos_location/build/bootloader/bootloader_support\libbootloader_support.a(esp_image_format.o)
                                 0x70 (size before relaxing)
 .text.process_segment
                0x40100790       0xa7 D:/code/ESP8266_RTOS_SDK-master/examples/user_examples/rtos_location/build/bootloader/bootloader_support\libbootloader_support.a(esp_image_format.o)
                                 0xab (size before relaxing)
 *fill*         0x40100837        0x1 
 .text.esp_image_load
                0x40100838      0x137 D:/code/ESP8266_RTOS_SDK-master/examples/user_examples/rtos_location/build/bootloader/bootloader_support\libbootloader_support.a(esp_image_format.o)
                                0x13f (size before relaxing)
                0x40100838                esp_image_load
 *fill*         0x4010096f        0x1 
 .text.esp_partition_table_basic_verify
                0x40100970       0x89 D:/code/ESP8266_RTOS_SDK-master/examples/user_examples/rtos_location/build/bootloader/bootloader_support\libbootloader_support.a(flash_partitions.o)
                0x40100970                esp_partition_table_basic_verify
 *fill*         0x401009f9        0x3 
 .text.bootloader_common_ota_select_crc
                0x401009fc       0x18 D:/code/ESP8266_RTOS_SDK-master/examples/user_examples/rtos_location/build/bootloader/bootloader_support\libbootloader_support.a(bootloader_common.o)
                0x401009fc                bootloader_common_ota_select_crc
 .text.bootloader_common_ota_select_valid
                0x40100a14       0x2c D:/code/ESP8266_RTOS_SDK-master/examples/user_examples/rtos_location/build/bootloader/bootloader_support\libbootloader_support.a(bootloader_common.o)
                0x40100a14                bootloader_common_ota_select_valid
 .text.spi_user_cmd
                0x40100a40       0x4d D:/code/ESP8266_RTOS_SDK-master/examples/user_examples/rtos_location/build/bootloader/spi_flash\libspi_flash.a(spi_flash.o)
                0x40100a40                spi_user_cmd
 *fill*         0x40100a8d        0x3 
 .text.special_flash_read_status
                0x40100a90       0x39 D:/code/ESP8266_RTOS_SDK-master/examples/user_examples/rtos_location/build/bootloader/spi_flash\libspi_flash.a(spi_flash.o)
                                 0x3d (size before relaxing)
                0x40100a90                special_flash_read_status
 *fill*         0x40100ac9        0x3 
 .text.flash_gd25q32c_read_status
                0x40100acc       0x33 D:/code/ESP8266_RTOS_SDK-master/examples/user_examples/rtos_location/build/bootloader/spi_flash\libspi_flash.a(spi_flash.o)
 *fill*         0x40100aff        0x1 
 .text.special_flash_write_status
                0x40100b00       0x59 D:/code/ESP8266_RTOS_SDK-master/examples/user_examples/rtos_location/build/bootloader/spi_flash\libspi_flash.a(spi_flash.o)
                                 0x61 (size before relaxing)
                0x40100b00                special_flash_write_status
 *fill*         0x40100b59        0x3 
 .text.spi_flash_enable_qio_bit6
                0x40100b5c       0x17 D:/code/ESP8266_RTOS_SDK-master/examples/user_examples/rtos_location/build/bootloader/spi_flash\libspi_flash.a(spi_flash.o)
                                 0x1b (size before relaxing)
 *fill*         0x40100b73        0x1 
 .text.flash_gd25q32c_write_status
                0x40100b74       0x30 D:/code/ESP8266_RTOS_SDK-master/examples/user_examples/rtos_location/build/bootloader/spi_flash\libspi_flash.a(spi_flash.o)
 .text.flash_gd25q32c_enable_QIO_mode
                0x40100ba4       0x3e D:/code/ESP8266_RTOS_SDK-master/examples/user_examples/rtos_location/build/bootloader/spi_flash\libspi_flash.a(spi_flash.o)
                                 0x46 (size before relaxing)
 *fill*         0x40100be2        0x2 
 .text.en25q16x_read_sfdp
                0x40100be4       0x43 D:/code/ESP8266_RTOS_SDK-master/examples/user_examples/rtos_location/build/bootloader/spi_flash\libspi_flash.a(spi_flash.o)
                0x40100be4                en25q16x_read_sfdp
 *fill*         0x40100c27        0x1 
 .text.spi_flash_get_id
                0x40100c28       0x26 D:/code/ESP8266_RTOS_SDK-master/examples/user_examples/rtos_location/build/bootloader/spi_flash\libspi_flash.a(spi_flash.o)
                0x40100c28                spi_flash_get_id
 *fill*         0x40100c4e        0x2 
 .text.spi_flash_read_status
                0x40100c50       0x28 D:/code/ESP8266_RTOS_SDK-master/examples/user_examples/rtos_location/build/bootloader/spi_flash\libspi_flash.a(spi_flash.o)
                0x40100c50                spi_flash_read_status
 .text.spi_flash_issi_enable_QIO_mode
                0x40100c78       0x43 D:/code/ESP8266_RTOS_SDK-master/examples/user_examples/rtos_location/build/bootloader/spi_flash\libspi_flash.a(spi_flash.o)
                                 0x4b (size before relaxing)
 *fill*         0x40100cbb        0x1 
 .text.special_flash_set_mode
                0x40100cbc       0x40 D:/code/ESP8266_RTOS_SDK-master/examples/user_examples/rtos_location/build/bootloader/spi_flash\libspi_flash.a(spi_flash.o)
                                 0x44 (size before relaxing)
                0x40100cbc                special_flash_set_mode
 .text.en25q16x_write_volatile_status
                0x40100cfc       0x4f D:/code/ESP8266_RTOS_SDK-master/examples/user_examples/rtos_location/build/bootloader/spi_flash\libspi_flash.a(spi_flash.o)
                                 0x5b (size before relaxing)
                0x40100cfc                en25q16x_write_volatile_status
 *fill*         0x40100d4b        0x1 
 .text.user_spi_flash_dio_to_qio_pre_init
                0x40100d4c       0xb9 D:/code/ESP8266_RTOS_SDK-master/examples/user_examples/rtos_location/build/bootloader/spi_flash\libspi_flash.a(spi_flash.o)
                                 0xc5 (size before relaxing)
                0x40100d4c                user_spi_flash_dio_to_qio_pre_init
 *fill*         0x40100e05        0x3 
 .text.esp_spi_flash_init
                0x40100e08       0xb7 D:/code/ESP8266_RTOS_SDK-master/examples/user_examples/rtos_location/build/bootloader/spi_flash\libspi_flash.a(spi_flash.o)
                0x40100e08                esp_spi_flash_init
 *fill*         0x40100ebf        0x1 
 .text.Cache_Read_Disable_2
                0x40100ec0       0x34 D:/code/ESP8266_RTOS_SDK-master/examples/user_examples/rtos_location/build/bootloader/spi_flash\libspi_flash.a(spi_flash_raw.o)
                0x40100ec0                Cache_Read_Disable_2
 .text.Cache_Read_Enable_2
                0x40100ef4       0x28 D:/code/ESP8266_RTOS_SDK-master/examples/user_examples/rtos_location/build/bootloader/spi_flash\libspi_flash.a(spi_flash_raw.o)
                0x40100ef4                Cache_Read_Enable_2
                0x40100ef4                Cache_Read_Enable_New
 .text.spi_flash_get_id_raw
                0x40100f1c       0x57 D:/code/ESP8266_RTOS_SDK-master/examples/user_examples/rtos_location/build/bootloader/spi_flash\libspi_flash.a(spi_flash_raw.o)
                0x40100f1c                spi_flash_get_id_raw
 *fill*         0x40100f73        0x1 
 .text.spi_flash_read_status_raw
                0x40100f74       0x2f D:/code/ESP8266_RTOS_SDK-master/examples/user_examples/rtos_location/build/bootloader/spi_flash\libspi_flash.a(spi_flash_raw.o)
                                 0x33 (size before relaxing)
                0x40100f74                spi_flash_read_status_raw
 *fill*         0x40100fa3        0x1 
 .text.spi_flash_enable_qmode_raw
                0x40100fa4       0x33 D:/code/ESP8266_RTOS_SDK-master/examples/user_examples/rtos_location/build/bootloader/spi_flash\libspi_flash.a(spi_flash_raw.o)
                                 0x37 (size before relaxing)
                0x40100fa4                spi_flash_enable_qmode_raw
 *fill*         0x40100fd7        0x1 
 .text.spi_user_cmd_raw
                0x40100fd8      0x3d7 D:/code/ESP8266_RTOS_SDK-master/examples/user_examples/rtos_location/build/bootloader/spi_flash\libspi_flash.a(spi_flash_raw.o)
                0x40100fd8                spi_user_cmd_raw
 *fill*         0x401013af        0x1 
 .text.spi_flash_switch_to_qio_raw
                0x401013b0       0x25 D:/code/ESP8266_RTOS_SDK-master/examples/user_examples/rtos_location/build/bootloader/spi_flash\libspi_flash.a(spi_flash_raw.o)
                0x401013b0                spi_flash_switch_to_qio_raw
 *fill*         0x401013d5        0x3 
 .text.esp_hw_reset
                0x401013d8       0x62 D:/code/ESP8266_RTOS_SDK-master/examples/user_examples/rtos_location/build/bootloader/spi_flash\libspi_flash.a(port.o)
 *fill*         0x4010143a        0x2 
 .text.esp_hw_feed_wdt
                0x4010143c        0xd D:/code/ESP8266_RTOS_SDK-master/examples/user_examples/rtos_location/build/bootloader/spi_flash\libspi_flash.a(port.o)
 *fill*         0x40101449        0x3 
 .text.spi_flash_read_data
                0x4010144c       0x48 D:/code/ESP8266_RTOS_SDK-master/examples/user_examples/rtos_location/build/bootloader/spi_flash\libspi_flash.a(port.o)
 .text.esp_sdk_update_from_v2
                0x40101494       0x5d D:/code/ESP8266_RTOS_SDK-master/examples/user_examples/rtos_location/build/bootloader/spi_flash\libspi_flash.a(port.o)
 *fill*         0x401014f1        0x3 
 .text.get_v2_flash_map_size
                0x401014f4       0x52 D:/code/ESP8266_RTOS_SDK-master/examples/user_examples/rtos_location/build/bootloader/spi_flash\libspi_flash.a(port.o)
 *fill*         0x40101546        0x2 
 .text.esp_get_updated_partition_table_addr
                0x40101548       0xd1 D:/code/ESP8266_RTOS_SDK-master/examples/user_examples/rtos_location/build/bootloader/spi_flash\libspi_flash.a(port.o)
                                 0xd9 (size before relaxing)
 *fill*         0x40101619        0x3 
 .text.spi_flash_erase
                0x4010161c       0x23 D:/code/ESP8266_RTOS_SDK-master/examples/user_examples/rtos_location/build/bootloader/spi_flash\libspi_flash.a(port.o)
 *fill*         0x4010163f        0x1 
 .text.spi_flash_write_data
                0x40101640       0x3f D:/code/ESP8266_RTOS_SDK-master/examples/user_examples/rtos_location/build/bootloader/spi_flash\libspi_flash.a(port.o)
 *fill*         0x4010167f        0x1 
 .text.spi_flash_write_data_safe
                0x40101680       0x5d D:/code/ESP8266_RTOS_SDK-master/examples/user_examples/rtos_location/build/bootloader/spi_flash\libspi_flash.a(port.o)
                                 0x69 (size before relaxing)
 *fill*         0x401016dd        0x3 
 .text.esp_flash_sector_copy
                0x401016e0       0x56 D:/code/ESP8266_RTOS_SDK-master/examples/user_examples/rtos_location/build/bootloader/spi_flash\libspi_flash.a(port.o)
                                 0x5a (size before relaxing)
 *fill*         0x40101736        0x2 
 .text.esp_set_v2boot_app1
                0x40101738      0x120 D:/code/ESP8266_RTOS_SDK-master/examples/user_examples/rtos_location/build/bootloader/spi_flash\libspi_flash.a(port.o)
 .text.esp_patition_table_init_location
                0x40101858       0x33 D:/code/ESP8266_RTOS_SDK-master/examples/user_examples/rtos_location/build/bootloader/spi_flash\libspi_flash.a(port.o)
                                 0x3f (size before relaxing)
                0x40101858                esp_patition_table_init_location
 *fill*         0x4010188b        0x1 
 .text.esp_patition_table_init_data
                0x4010188c       0x72 D:/code/ESP8266_RTOS_SDK-master/examples/user_examples/rtos_location/build/bootloader/spi_flash\libspi_flash.a(port.o)
                                 0x7e (size before relaxing)
                0x4010188c                esp_patition_table_init_data
 *fill*         0x401018fe        0x2 
 .text.crc32_le
                0x40101900       0x2f D:/code/ESP8266_RTOS_SDK-master/examples/user_examples/rtos_location/build/bootloader/util\libutil.a(crc.o)
                0x40101900                crc32_le
 *fill*         0x4010192f        0x1 
 .text.phy_reg_default
                0x40101930       0x36 D:/code/ESP8266_RTOS_SDK/components/esp8266/lib\libcore.a(phy.o)
                0x40101940                phy_reg_default
 *fill*         0x40101966        0x2 
 .text.uart_div_modify
                0x40101968       0x50 D:/code/ESP8266_RTOS_SDK/components/esp8266/lib\libcore.a(uart.o)
                0x40101978                uart_div_modify
 *fill*         0x401019b8        0x0 
 *fill*         0x401019b8        0x0 
 *fill*         0x401019b8        0x0 
 .text.index_to_partition
                0x401019b8       0x4b D:/code/ESP8266_RTOS_SDK-master/examples/user_examples/rtos_location/build/bootloader/bootloader_support\libbootloader_support.a(bootloader_utility.o)
 *fill*         0x40101a03        0x0 
 *fill*         0x40101a03        0x0 
 *fill*         0x40101a03        0x0 
 *fill*         0x40101a03        0x0 
 *fill*         0x40101a03        0x0 
 *fill*         0x40101a03        0x0 
 *fill*         0x40101a03        0x0 
 *fill*         0x40101a03        0x0 
 *fill*         0x40101a03        0x0 
 *fill*         0x40101a03        0x0 
 *fill*         0x40101a03        0x0 
 *fill*         0x40101a03        0x0 
 *fill*         0x40101a03        0x0 
 *fill*         0x40101a03        0x0 
 *fill*         0x40101a03        0x1 
 .text.verify_segment_header
                0x40101a04        0x4 D:/code/ESP8266_RTOS_SDK-master/examples/user_examples/rtos_location/build/bootloader/bootloader_support\libbootloader_support.a(esp_image_format.o)
 *fill*         0x40101a08        0x0 
 *fill*         0x40101a08        0x0 
 *fill*         0x40101a08        0x0 
 *fill*         0x40101a08        0x0 
 *fill*         0x40101a08        0x0 
 *fill*         0x40101a08        0x0 
 *fill*         0x40101a08        0x0 
 *fill*         0x40101a08        0x0 
 *fill*         0x40101a08        0x0 
 *fill*         0x40101a08        0x0 
 *fill*         0x40101a08        0x0 
 *fill*         0x40101a08        0x0 
 *fill*         0x40101a08        0x0 
 *fill*         0x40101a08        0x0 
 *fill*         0x40101a08        0x0 
 *fill*         0x40101a08        0x0 
 *fill*         0x40101a08        0x0 
 *fill*         0x40101a08        0x0 
 *fill*         0x40101a08        0x0 
 *fill*         0x40101a08        0x0 
 *fill*         0x40101a08        0x0 
 *fill*         0x40101a08        0x0 
 *fill*         0x40101a08        0x0 
 *fill*         0x40101a08        0x0 
 *fill*         0x40101a08        0x0 
 *fill*         0x40101a08        0x0 
 *fill*         0x40101a08        0x0 
 *fill*         0x40101a08        0x0 
 *fill*         0x40101a08        0x0 
 *fill*         0x40101a08        0x0 
 *fill*         0x40101a08        0x0 
 *fill*         0x40101a08        0x0 
 *fill*         0x40101a08        0x0 
 *fill*         0x40101a08        0x0 
 *fill*         0x40101a08        0x0 
 *fill*         0x40101a08        0x0 
 *(.iram1 .iram1.*)
 *(.fini.literal)
 *(.fini)
 *(.gnu.version)
                0x40101a08                _text_end = ABSOLUTE (.)
                0x40101a08                _etext = .

.bss            0x3ffe8000     0x2938
                0x3ffe8000                . = ALIGN (0x8)
                0x3ffe8000                _bss_start = ABSOLUTE (.)
 *(.dynsbss)
 *(.sbss)
 *(.sbss.*)
 *(.gnu.linkonce.sb.*)
 *(.scommon)
 *(.sbss2)
 *(.sbss2.*)
 *(.gnu.linkonce.sb2.*)
 *(.dynbss)
 *(.bss)
 *(.bss.*)
 .bss.mapped    0x3ffe8000        0x1 D:/code/ESP8266_RTOS_SDK-master/examples/user_examples/rtos_location/build/bootloader/bootloader_support\libbootloader_support.a(bootloader_flash.o)
 *fill*         0x3ffe8001        0x3 
 .bss.pbuf$3472
                0x3ffe8004      0x400 D:/code/ESP8266_RTOS_SDK-master/examples/user_examples/rtos_location/build/bootloader/bootloader_support\libbootloader_support.a(esp_image_format.o)
 .bss.FlashIsOnGoing
                0x3ffe8404        0x1 D:/code/ESP8266_RTOS_SDK-master/examples/user_examples/rtos_location/build/bootloader/spi_flash\libspi_flash.a(spi_flash.o)
                0x3ffe8404                FlashIsOnGoing
 *fill*         0x3ffe8405        0x3 
 .bss.s_boot_param
                0x3ffe8408      0x500 D:/code/ESP8266_RTOS_SDK-master/examples/user_examples/rtos_location/build/bootloader/spi_flash\libspi_flash.a(port.o)
 .bss.s_sys_param
                0x3ffe8908       0x20 D:/code/ESP8266_RTOS_SDK-master/examples/user_examples/rtos_location/build/bootloader/spi_flash\libspi_flash.a(port.o)
 .bss.s_v2_flash_size
                0x3ffe8928        0x4 D:/code/ESP8266_RTOS_SDK-master/examples/user_examples/rtos_location/build/bootloader/spi_flash\libspi_flash.a(port.o)
 .bss.s_v2_flash_bin_size
                0x3ffe892c        0x4 D:/code/ESP8266_RTOS_SDK-master/examples/user_examples/rtos_location/build/bootloader/spi_flash\libspi_flash.a(port.o)
 .bss.check_buf
                0x3ffe8930     0x1000 D:/code/ESP8266_RTOS_SDK-master/examples/user_examples/rtos_location/build/bootloader/spi_flash\libspi_flash.a(port.o)
 .bss.s_cache_buf
                0x3ffe9930     0x1000 D:/code/ESP8266_RTOS_SDK-master/examples/user_examples/rtos_location/build/bootloader/spi_flash\libspi_flash.a(port.o)
 .bss.s_partition_offset
                0x3ffea930        0x4 D:/code/ESP8266_RTOS_SDK-master/examples/user_examples/rtos_location/build/bootloader/spi_flash\libspi_flash.a(port.o)
 *(.gnu.linkonce.b.*)
 *(COMMON)
                0x3ffea938                . = ALIGN (0x8)
 *fill*         0x3ffea934        0x4 
                0x3ffea938                _bss_end = ABSOLUTE (.)

.data           0x3ffea938       0x30
                0x3ffea938                _data_start = ABSOLUTE (.)
 *(.data)
 *(.data.*)
 .data.g_rom_flashchip
                0x3ffea938       0x18 D:/code/ESP8266_RTOS_SDK-master/examples/user_examples/rtos_location/build/bootloader/spi_flash\libspi_flash.a(spi_flash.o)
                0x3ffea938                g_rom_flashchip
 .data.s_flash_chip
                0x3ffea950       0x18 D:/code/ESP8266_RTOS_SDK-master/examples/user_examples/rtos_location/build/bootloader/spi_flash\libspi_flash.a(port.o)
 *(.gnu.linkonce.d.*)
 *(.data1)
 *(.sdata)
 *(.sdata.*)
 *(.gnu.linkonce.s.*)
 *(.sdata2)
 *(.sdata2.*)
 *(.gnu.linkonce.s2.*)
 *(.jcr)
                0x3ffea968                _data_end = ABSOLUTE (.)

.rodata         0x3ffea968      0x450
                0x3ffea968                _rodata_start = ABSOLUTE (.)
 *(.rodata)
 *(.rodata.*)
 .rodata.s_v2_flash_bin_map_table
                0x3ffea968       0x28 D:/code/ESP8266_RTOS_SDK-master/examples/user_examples/rtos_location/build/bootloader/spi_flash\libspi_flash.a(port.o)
 .rodata.s_v2_flash_bin_size_map_table
                0x3ffea990       0x28 D:/code/ESP8266_RTOS_SDK-master/examples/user_examples/rtos_location/build/bootloader/spi_flash\libspi_flash.a(port.o)
 .rodata.crc32_le_table
                0x3ffea9b8      0x400 D:/code/ESP8266_RTOS_SDK-master/examples/user_examples/rtos_location/build/bootloader/util\libutil.a(crc.o)
 *(.gnu.linkonce.r.*)
 *(.rodata1)
                0x3ffeadb8                __XT_EXCEPTION_TABLE_ = ABSOLUTE (.)
 *(.xt_except_table)
 *(.gcc_except_table)
 *(.gnu.linkonce.e.*)
 *(.gnu.version_r)
 *(.eh_frame)
                0x3ffeadb8                . = ((. + 0x3) & 0xfffffffc)
                0x3ffeadb8                __init_array_start = ABSOLUTE (.)
 *crtbegin.o(.ctors)
 *(EXCLUDE_FILE(*crtend.o) .ctors)
 *(SORT(.ctors.*))
 *(.ctors)
                0x3ffeadb8                __init_array_end = ABSOLUTE (.)
 *crtbegin.o(.dtors)
 *(EXCLUDE_FILE(*crtend.o) .dtors)
 *(SORT(.dtors.*))
 *(.dtors)
                0x3ffeadb8                __XT_EXCEPTION_DESCS_ = ABSOLUTE (.)
 *(.xt_except_desc)
 *(.gnu.linkonce.h.*)
                0x3ffeadb8                __XT_EXCEPTION_DESCS_END__ = ABSOLUTE (.)
 *(.xt_except_desc_end)
 *(.dynamic)
 *(.gnu.version_d)
                0x3ffeadb8                _rodata_end = ABSOLUTE (.)
                0x3ffeadb8                _lit4_start = ABSOLUTE (.)
 *(*.lit4)
 *(.lit4.*)
 *(.gnu.linkonce.lit4.*)
                0x3ffeadb8                _lit4_end = ABSOLUTE (.)
                0x3ffeadb8                . = ALIGN (0x4)
                0x3ffeadb8                _heap_start = ABSOLUTE (.)
                0x60001100                PROVIDE (rtc_sys_info, 0x60001100)
                0x400040c0                PROVIDE (SPI_sector_erase, 0x400040c0)
                0x40004174                PROVIDE (SPI_page_program, 0x40004174)
                0x400042ac                PROVIDE (SPI_read_data, 0x400042ac)
                0x400043c8                PROVIDE (SPI_read_status, 0x400043c8)
                0x40004400                PROVIDE (SPI_write_status, 0x40004400)
                0x4000443c                PROVIDE (SPI_write_enable, 0x4000443c)
                0x4000448c                PROVIDE (Wait_SPI_Idle, 0x4000448c)
                0x400044c0                PROVIDE (Enable_QMode, 0x400044c0)
                [!provide]                PROVIDE (Disable_QMode, 0x40004508)
                0x40004678                PROVIDE (Cache_Read_Enable, 0x40004678)
                0x400047f0                PROVIDE (Cache_Read_Disable, 0x400047f0)
                [!provide]                PROVIDE (lldesc_build_chain, 0x40004f40)
                [!provide]                PROVIDE (lldesc_num2link, 0x40005050)
                [!provide]                PROVIDE (lldesc_set_owner, 0x4000507c)
                [!provide]                PROVIDE (__adddf3, 0x4000c538)
                [!provide]                PROVIDE (__addsf3, 0x4000c180)
                [!provide]                PROVIDE (__divdf3, 0x4000cb94)
                [!provide]                PROVIDE (__divdi3, 0x4000ce60)
                [!provide]                PROVIDE (__divsi3, 0x4000dc88)
                [!provide]                PROVIDE (__extendsfdf2, 0x4000cdfc)
                [!provide]                PROVIDE (__fixdfsi, 0x4000ccb8)
                [!provide]                PROVIDE (__fixunsdfsi, 0x4000cd00)
                [!provide]                PROVIDE (__fixunssfsi, 0x4000c4c4)
                [!provide]                PROVIDE (__floatsidf, 0x4000e2f0)
                [!provide]                PROVIDE (__floatsisf, 0x4000e2ac)
                [!provide]                PROVIDE (__floatunsidf, 0x4000e2e8)
                [!provide]                PROVIDE (__floatunsisf, 0x4000e2a4)
                [!provide]                PROVIDE (__muldf3, 0x4000c8f0)
                [!provide]                PROVIDE (__muldi3, 0x40000650)
                [!provide]                PROVIDE (__mulsf3, 0x4000c3dc)
                [!provide]                PROVIDE (__subdf3, 0x4000c688)
                [!provide]                PROVIDE (__subsf3, 0x4000c268)
                [!provide]                PROVIDE (__truncdfsf2, 0x4000cd5c)
                [!provide]                PROVIDE (__udivdi3, 0x4000d310)
                0x4000e21c                PROVIDE (__udivsi3, 0x4000e21c)
                [!provide]                PROVIDE (__umoddi3, 0x4000d770)
                0x4000e268                PROVIDE (__umodsi3, 0x4000e268)
                [!provide]                PROVIDE (__umulsidi3, 0x4000dcf0)
                [!provide]                PROVIDE (bzero, 0x4000de84)
                0x4000dea8                PROVIDE (memcmp, 0x4000dea8)
                0x4000df48                PROVIDE (memcpy, 0x4000df48)
                [!provide]                PROVIDE (memmove, 0x4000e04c)
                0x4000e190                PROVIDE (memset, 0x4000e190)
                [!provide]                PROVIDE (strcmp, 0x4000bdc8)
                [!provide]                PROVIDE (strcpy, 0x4000bec8)
                [!provide]                PROVIDE (strlen, 0x4000bf4c)
                [!provide]                PROVIDE (strncmp, 0x4000bfa8)
                [!provide]                PROVIDE (strncpy, 0x4000c0a0)
                [!provide]                PROVIDE (strstr, 0x4000e1e0)
                0x40004cf0                PROVIDE (gpio_input_get, 0x40004cf0)
                [!provide]                PROVIDE (gpio_pin_wakeup_disable, 0x40004ed4)
                [!provide]                PROVIDE (gpio_pin_wakeup_enable, 0x40004e90)
                0x40001f00                PROVIDE (ets_io_vprintf, 0x40001f00)
                [!provide]                PROVIDE (uart_rx_one_char, 0x40003b8c)
                [!provide]                PROVIDE (rom_i2c_readReg, 0x40007268)
                [!provide]                PROVIDE (rom_i2c_readReg_Mask, 0x4000729c)
                [!provide]                PROVIDE (rom_i2c_writeReg, 0x400072d8)
                [!provide]                PROVIDE (rom_i2c_writeReg_Mask, 0x4000730c)
                [!provide]                PROVIDE (rom_software_reboot, 0x40000080)
                [!provide]                PROVIDE (ets_memcpy, 0x400018b4)
                0x40004b1c                PROVIDE (SPIRead, 0x40004b1c)
                0x40004a4c                PROVIDE (SPIWrite, 0x40004a4c)
                0x40004a00                PROVIDE (SPIEraseSector, 0x40004a00)
                [!provide]                PROVIDE (gpio_input_get, 0x40004cf0)
                [!provide]                PROVIDE (xthal_get_ccount, 0x4000dd38)
                [!provide]                PROVIDE (uart_div_modify, 0x400039d8)
                [!provide]                PROVIDE (ets_io_vprintf, 0x40001f00)
OUTPUT(D:/code/ESP8266_RTOS_SDK-master/examples/user_examples/rtos_location/build/bootloader/bootloader.elf elf32-xtensa-le)

.debug_frame    0x00000000      0xc24
 .debug_frame   0x00000000       0x74 D:/code/ESP8266_RTOS_SDK-master/examples/user_examples/rtos_location/build/bootloader/main\libmain.a(bootloader_start.o)
 .debug_frame   0x00000074       0xdc D:/code/ESP8266_RTOS_SDK-master/examples/user_examples/rtos_location/build/bootloader/bootloader_support\libbootloader_support.a(bootloader_utility.o)
 .debug_frame   0x00000150       0x90 D:/code/ESP8266_RTOS_SDK-master/examples/user_examples/rtos_location/build/bootloader/bootloader_support\libbootloader_support.a(bootloader_init.o)
 .debug_frame   0x000001e0       0xdc D:/code/ESP8266_RTOS_SDK-master/examples/user_examples/rtos_location/build/bootloader/bootloader_support\libbootloader_support.a(bootloader_flash.o)
 .debug_frame   0x000002bc      0x124 D:/code/ESP8266_RTOS_SDK-master/examples/user_examples/rtos_location/build/bootloader/bootloader_support\libbootloader_support.a(esp_image_format.o)
 .debug_frame   0x000003e0       0x38 D:/code/ESP8266_RTOS_SDK-master/examples/user_examples/rtos_location/build/bootloader/bootloader_support\libbootloader_support.a(flash_partitions.o)
 .debug_frame   0x00000418       0x74 D:/code/ESP8266_RTOS_SDK-master/examples/user_examples/rtos_location/build/bootloader/bootloader_support\libbootloader_support.a(bootloader_common.o)
 .debug_frame   0x0000048c      0x350 D:/code/ESP8266_RTOS_SDK-master/examples/user_examples/rtos_location/build/bootloader/spi_flash\libspi_flash.a(spi_flash.o)
 .debug_frame   0x000007dc      0x16c D:/code/ESP8266_RTOS_SDK-master/examples/user_examples/rtos_location/build/bootloader/spi_flash\libspi_flash.a(spi_flash_raw.o)
 .debug_frame   0x00000948      0x1c4 D:/code/ESP8266_RTOS_SDK-master/examples/user_examples/rtos_location/build/bootloader/spi_flash\libspi_flash.a(port.o)
 .debug_frame   0x00000b0c       0x58 D:/code/ESP8266_RTOS_SDK-master/examples/user_examples/rtos_location/build/bootloader/log\liblog.a(log.o)
 .debug_frame   0x00000b64       0x80 D:/code/ESP8266_RTOS_SDK-master/examples/user_examples/rtos_location/build/bootloader/esp8266\libesp8266.a(ets_printf.o)
 .debug_frame   0x00000be4       0x40 D:/code/ESP8266_RTOS_SDK-master/examples/user_examples/rtos_location/build/bootloader/util\libutil.a(crc.o)

.debug_info     0x00000000     0x567c
 .debug_info    0x00000000      0x489 D:/code/ESP8266_RTOS_SDK-master/examples/user_examples/rtos_location/build/bootloader/main\libmain.a(bootloader_start.o)
 .debug_info    0x00000489      0x9fd D:/code/ESP8266_RTOS_SDK-master/examples/user_examples/rtos_location/build/bootloader/bootloader_support\libbootloader_support.a(bootloader_utility.o)
 .debug_info    0x00000e86      0x354 D:/code/ESP8266_RTOS_SDK-master/examples/user_examples/rtos_location/build/bootloader/bootloader_support\libbootloader_support.a(bootloader_init.o)
 .debug_info    0x000011da      0x400 D:/code/ESP8266_RTOS_SDK-master/examples/user_examples/rtos_location/build/bootloader/bootloader_support\libbootloader_support.a(bootloader_flash.o)
 .debug_info    0x000015da      0xa88 D:/code/ESP8266_RTOS_SDK-master/examples/user_examples/rtos_location/build/bootloader/bootloader_support\libbootloader_support.a(esp_image_format.o)
 .debug_info    0x00002062      0x356 D:/code/ESP8266_RTOS_SDK-master/examples/user_examples/rtos_location/build/bootloader/bootloader_support\libbootloader_support.a(flash_partitions.o)
 .debug_info    0x000023b8      0x341 D:/code/ESP8266_RTOS_SDK-master/examples/user_examples/rtos_location/build/bootloader/bootloader_support\libbootloader_support.a(bootloader_common.o)
 .debug_info    0x000026f9     0x1323 D:/code/ESP8266_RTOS_SDK-master/examples/user_examples/rtos_location/build/bootloader/spi_flash\libspi_flash.a(spi_flash.o)
 .debug_info    0x00003a1c      0x756 D:/code/ESP8266_RTOS_SDK-master/examples/user_examples/rtos_location/build/bootloader/spi_flash\libspi_flash.a(spi_flash_raw.o)
 .debug_info    0x00004172      0xddb D:/code/ESP8266_RTOS_SDK-master/examples/user_examples/rtos_location/build/bootloader/spi_flash\libspi_flash.a(port.o)
 .debug_info    0x00004f4d      0x307 D:/code/ESP8266_RTOS_SDK-master/examples/user_examples/rtos_location/build/bootloader/log\liblog.a(log.o)
 .debug_info    0x00005254      0x21f D:/code/ESP8266_RTOS_SDK-master/examples/user_examples/rtos_location/build/bootloader/esp8266\libesp8266.a(ets_printf.o)
 .debug_info    0x00005473      0x209 D:/code/ESP8266_RTOS_SDK-master/examples/user_examples/rtos_location/build/bootloader/util\libutil.a(crc.o)

.debug_abbrev   0x00000000     0x16f9
 .debug_abbrev  0x00000000      0x195 D:/code/ESP8266_RTOS_SDK-master/examples/user_examples/rtos_location/build/bootloader/main\libmain.a(bootloader_start.o)
 .debug_abbrev  0x00000195      0x229 D:/code/ESP8266_RTOS_SDK-master/examples/user_examples/rtos_location/build/bootloader/bootloader_support\libbootloader_support.a(bootloader_utility.o)
 .debug_abbrev  0x000003be      0x1b9 D:/code/ESP8266_RTOS_SDK-master/examples/user_examples/rtos_location/build/bootloader/bootloader_support\libbootloader_support.a(bootloader_init.o)
 .debug_abbrev  0x00000577      0x15c D:/code/ESP8266_RTOS_SDK-master/examples/user_examples/rtos_location/build/bootloader/bootloader_support\libbootloader_support.a(bootloader_flash.o)
 .debug_abbrev  0x000006d3      0x1e4 D:/code/ESP8266_RTOS_SDK-master/examples/user_examples/rtos_location/build/bootloader/bootloader_support\libbootloader_support.a(esp_image_format.o)
 .debug_abbrev  0x000008b7      0x15e D:/code/ESP8266_RTOS_SDK-master/examples/user_examples/rtos_location/build/bootloader/bootloader_support\libbootloader_support.a(flash_partitions.o)
 .debug_abbrev  0x00000a15      0x1aa D:/code/ESP8266_RTOS_SDK-master/examples/user_examples/rtos_location/build/bootloader/bootloader_support\libbootloader_support.a(bootloader_common.o)
 .debug_abbrev  0x00000bbf      0x306 D:/code/ESP8266_RTOS_SDK-master/examples/user_examples/rtos_location/build/bootloader/spi_flash\libspi_flash.a(spi_flash.o)
 .debug_abbrev  0x00000ec5      0x176 D:/code/ESP8266_RTOS_SDK-master/examples/user_examples/rtos_location/build/bootloader/spi_flash\libspi_flash.a(spi_flash_raw.o)
 .debug_abbrev  0x0000103b      0x2ee D:/code/ESP8266_RTOS_SDK-master/examples/user_examples/rtos_location/build/bootloader/spi_flash\libspi_flash.a(port.o)
 .debug_abbrev  0x00001329      0x1c8 D:/code/ESP8266_RTOS_SDK-master/examples/user_examples/rtos_location/build/bootloader/log\liblog.a(log.o)
 .debug_abbrev  0x000014f1      0x159 D:/code/ESP8266_RTOS_SDK-master/examples/user_examples/rtos_location/build/bootloader/esp8266\libesp8266.a(ets_printf.o)
 .debug_abbrev  0x0000164a       0xaf D:/code/ESP8266_RTOS_SDK-master/examples/user_examples/rtos_location/build/bootloader/util\libutil.a(crc.o)

.debug_loc      0x00000000     0x363a
 .debug_loc     0x00000000       0x76 D:/code/ESP8266_RTOS_SDK-master/examples/user_examples/rtos_location/build/bootloader/main\libmain.a(bootloader_start.o)
 .debug_loc     0x00000076      0x546 D:/code/ESP8266_RTOS_SDK-master/examples/user_examples/rtos_location/build/bootloader/bootloader_support\libbootloader_support.a(bootloader_utility.o)
 .debug_loc     0x000005bc       0x21 D:/code/ESP8266_RTOS_SDK-master/examples/user_examples/rtos_location/build/bootloader/bootloader_support\libbootloader_support.a(bootloader_init.o)
 .debug_loc     0x000005dd      0x2fe D:/code/ESP8266_RTOS_SDK-master/examples/user_examples/rtos_location/build/bootloader/bootloader_support\libbootloader_support.a(bootloader_flash.o)
 .debug_loc     0x000008db      0x836 D:/code/ESP8266_RTOS_SDK-master/examples/user_examples/rtos_location/build/bootloader/bootloader_support\libbootloader_support.a(esp_image_format.o)
 .debug_loc     0x00001111       0xe0 D:/code/ESP8266_RTOS_SDK-master/examples/user_examples/rtos_location/build/bootloader/bootloader_support\libbootloader_support.a(flash_partitions.o)
 .debug_loc     0x000011f1      0x2e6 D:/code/ESP8266_RTOS_SDK-master/examples/user_examples/rtos_location/build/bootloader/bootloader_support\libbootloader_support.a(bootloader_common.o)
 .debug_loc     0x000014d7     0x10ba D:/code/ESP8266_RTOS_SDK-master/examples/user_examples/rtos_location/build/bootloader/spi_flash\libspi_flash.a(spi_flash.o)
 .debug_loc     0x00002591      0x5a0 D:/code/ESP8266_RTOS_SDK-master/examples/user_examples/rtos_location/build/bootloader/spi_flash\libspi_flash.a(spi_flash_raw.o)
 .debug_loc     0x00002b31      0x7fb D:/code/ESP8266_RTOS_SDK-master/examples/user_examples/rtos_location/build/bootloader/spi_flash\libspi_flash.a(port.o)
 .debug_loc     0x0000332c       0xe1 D:/code/ESP8266_RTOS_SDK-master/examples/user_examples/rtos_location/build/bootloader/log\liblog.a(log.o)
 .debug_loc     0x0000340d       0x9b D:/code/ESP8266_RTOS_SDK-master/examples/user_examples/rtos_location/build/bootloader/esp8266\libesp8266.a(ets_printf.o)
 .debug_loc     0x000034a8      0x192 D:/code/ESP8266_RTOS_SDK-master/examples/user_examples/rtos_location/build/bootloader/util\libutil.a(crc.o)

.debug_aranges  0x00000000      0x418
 .debug_aranges
                0x00000000       0x30 D:/code/ESP8266_RTOS_SDK-master/examples/user_examples/rtos_location/build/bootloader/main\libmain.a(bootloader_start.o)
 .debug_aranges
                0x00000030       0x48 D:/code/ESP8266_RTOS_SDK-master/examples/user_examples/rtos_location/build/bootloader/bootloader_support\libbootloader_support.a(bootloader_utility.o)
 .debug_aranges
                0x00000078       0x38 D:/code/ESP8266_RTOS_SDK-master/examples/user_examples/rtos_location/build/bootloader/bootloader_support\libbootloader_support.a(bootloader_init.o)
 .debug_aranges
                0x000000b0       0x48 D:/code/ESP8266_RTOS_SDK-master/examples/user_examples/rtos_location/build/bootloader/bootloader_support\libbootloader_support.a(bootloader_flash.o)
 .debug_aranges
                0x000000f8       0x60 D:/code/ESP8266_RTOS_SDK-master/examples/user_examples/rtos_location/build/bootloader/bootloader_support\libbootloader_support.a(esp_image_format.o)
 .debug_aranges
                0x00000158       0x20 D:/code/ESP8266_RTOS_SDK-master/examples/user_examples/rtos_location/build/bootloader/bootloader_support\libbootloader_support.a(flash_partitions.o)
 .debug_aranges
                0x00000178       0x30 D:/code/ESP8266_RTOS_SDK-master/examples/user_examples/rtos_location/build/bootloader/bootloader_support\libbootloader_support.a(bootloader_common.o)
 .debug_aranges
                0x000001a8       0xe8 D:/code/ESP8266_RTOS_SDK-master/examples/user_examples/rtos_location/build/bootloader/spi_flash\libspi_flash.a(spi_flash.o)
 .debug_aranges
                0x00000290       0x70 D:/code/ESP8266_RTOS_SDK-master/examples/user_examples/rtos_location/build/bootloader/spi_flash\libspi_flash.a(spi_flash_raw.o)
 .debug_aranges
                0x00000300       0x88 D:/code/ESP8266_RTOS_SDK-master/examples/user_examples/rtos_location/build/bootloader/spi_flash\libspi_flash.a(port.o)
 .debug_aranges
                0x00000388       0x28 D:/code/ESP8266_RTOS_SDK-master/examples/user_examples/rtos_location/build/bootloader/log\liblog.a(log.o)
 .debug_aranges
                0x000003b0       0x38 D:/code/ESP8266_RTOS_SDK-master/examples/user_examples/rtos_location/build/bootloader/esp8266\libesp8266.a(ets_printf.o)
 .debug_aranges
                0x000003e8       0x30 D:/code/ESP8266_RTOS_SDK-master/examples/user_examples/rtos_location/build/bootloader/util\libutil.a(crc.o)

.debug_ranges   0x00000000      0x4b0
 .debug_ranges  0x00000000       0x20 D:/code/ESP8266_RTOS_SDK-master/examples/user_examples/rtos_location/build/bootloader/main\libmain.a(bootloader_start.o)
 .debug_ranges  0x00000020       0x50 D:/code/ESP8266_RTOS_SDK-master/examples/user_examples/rtos_location/build/bootloader/bootloader_support\libbootloader_support.a(bootloader_utility.o)
 .debug_ranges  0x00000070       0x28 D:/code/ESP8266_RTOS_SDK-master/examples/user_examples/rtos_location/build/bootloader/bootloader_support\libbootloader_support.a(bootloader_init.o)
 .debug_ranges  0x00000098       0x38 D:/code/ESP8266_RTOS_SDK-master/examples/user_examples/rtos_location/build/bootloader/bootloader_support\libbootloader_support.a(bootloader_flash.o)
 .debug_ranges  0x000000d0       0x68 D:/code/ESP8266_RTOS_SDK-master/examples/user_examples/rtos_location/build/bootloader/bootloader_support\libbootloader_support.a(esp_image_format.o)
 .debug_ranges  0x00000138       0x40 D:/code/ESP8266_RTOS_SDK-master/examples/user_examples/rtos_location/build/bootloader/bootloader_support\libbootloader_support.a(flash_partitions.o)
 .debug_ranges  0x00000178       0x20 D:/code/ESP8266_RTOS_SDK-master/examples/user_examples/rtos_location/build/bootloader/bootloader_support\libbootloader_support.a(bootloader_common.o)
 .debug_ranges  0x00000198      0x190 D:/code/ESP8266_RTOS_SDK-master/examples/user_examples/rtos_location/build/bootloader/spi_flash\libspi_flash.a(spi_flash.o)
 .debug_ranges  0x00000328       0x60 D:/code/ESP8266_RTOS_SDK-master/examples/user_examples/rtos_location/build/bootloader/spi_flash\libspi_flash.a(spi_flash_raw.o)
 .debug_ranges  0x00000388       0xc8 D:/code/ESP8266_RTOS_SDK-master/examples/user_examples/rtos_location/build/bootloader/spi_flash\libspi_flash.a(port.o)
 .debug_ranges  0x00000450       0x18 D:/code/ESP8266_RTOS_SDK-master/examples/user_examples/rtos_location/build/bootloader/log\liblog.a(log.o)
 .debug_ranges  0x00000468       0x28 D:/code/ESP8266_RTOS_SDK-master/examples/user_examples/rtos_location/build/bootloader/esp8266\libesp8266.a(ets_printf.o)
 .debug_ranges  0x00000490       0x20 D:/code/ESP8266_RTOS_SDK-master/examples/user_examples/rtos_location/build/bootloader/util\libutil.a(crc.o)

.debug_line     0x00000000     0x3d76
 .debug_line    0x00000000      0x313 D:/code/ESP8266_RTOS_SDK-master/examples/user_examples/rtos_location/build/bootloader/main\libmain.a(bootloader_start.o)
 .debug_line    0x00000313      0x65a D:/code/ESP8266_RTOS_SDK-master/examples/user_examples/rtos_location/build/bootloader/bootloader_support\libbootloader_support.a(bootloader_utility.o)
 .debug_line    0x0000096d      0x32e D:/code/ESP8266_RTOS_SDK-master/examples/user_examples/rtos_location/build/bootloader/bootloader_support\libbootloader_support.a(bootloader_init.o)
 .debug_line    0x00000c9b      0x357 D:/code/ESP8266_RTOS_SDK-master/examples/user_examples/rtos_location/build/bootloader/bootloader_support\libbootloader_support.a(bootloader_flash.o)
 .debug_line    0x00000ff2      0x5e7 D:/code/ESP8266_RTOS_SDK-master/examples/user_examples/rtos_location/build/bootloader/bootloader_support\libbootloader_support.a(esp_image_format.o)
 .debug_line    0x000015d9      0x2ba D:/code/ESP8266_RTOS_SDK-master/examples/user_examples/rtos_location/build/bootloader/bootloader_support\libbootloader_support.a(flash_partitions.o)
 .debug_line    0x00001893      0x2ef D:/code/ESP8266_RTOS_SDK-master/examples/user_examples/rtos_location/build/bootloader/bootloader_support\libbootloader_support.a(bootloader_common.o)
 .debug_line    0x00001b82      0xcbd D:/code/ESP8266_RTOS_SDK-master/examples/user_examples/rtos_location/build/bootloader/spi_flash\libspi_flash.a(spi_flash.o)
 .debug_line    0x0000283f      0x612 D:/code/ESP8266_RTOS_SDK-master/examples/user_examples/rtos_location/build/bootloader/spi_flash\libspi_flash.a(spi_flash_raw.o)
 .debug_line    0x00002e51      0x83d D:/code/ESP8266_RTOS_SDK-master/examples/user_examples/rtos_location/build/bootloader/spi_flash\libspi_flash.a(port.o)
 .debug_line    0x0000368e      0x2ff D:/code/ESP8266_RTOS_SDK-master/examples/user_examples/rtos_location/build/bootloader/log\liblog.a(log.o)
 .debug_line    0x0000398d      0x237 D:/code/ESP8266_RTOS_SDK-master/examples/user_examples/rtos_location/build/bootloader/esp8266\libesp8266.a(ets_printf.o)
 .debug_line    0x00003bc4      0x1b2 D:/code/ESP8266_RTOS_SDK-master/examples/user_examples/rtos_location/build/bootloader/util\libutil.a(crc.o)

.debug_str      0x00000000     0x1b54
 .debug_str     0x00000000      0x460 D:/code/ESP8266_RTOS_SDK-master/examples/user_examples/rtos_location/build/bootloader/main\libmain.a(bootloader_start.o)
                                0x4e9 (size before relaxing)
 .debug_str     0x00000460      0x2d4 D:/code/ESP8266_RTOS_SDK-master/examples/user_examples/rtos_location/build/bootloader/bootloader_support\libbootloader_support.a(bootloader_utility.o)
                                0x718 (size before relaxing)
 .debug_str     0x00000734       0xfe D:/code/ESP8266_RTOS_SDK-master/examples/user_examples/rtos_location/build/bootloader/bootloader_support\libbootloader_support.a(bootloader_init.o)
                                0x3ee (size before relaxing)
 .debug_str     0x00000832      0x133 D:/code/ESP8266_RTOS_SDK-master/examples/user_examples/rtos_location/build/bootloader/bootloader_support\libbootloader_support.a(bootloader_flash.o)
                                0x3b3 (size before relaxing)
 .debug_str     0x00000965      0x358 D:/code/ESP8266_RTOS_SDK-master/examples/user_examples/rtos_location/build/bootloader/bootloader_support\libbootloader_support.a(esp_image_format.o)
                                0x782 (size before relaxing)
 .debug_str     0x00000cbd       0xd7 D:/code/ESP8266_RTOS_SDK-master/examples/user_examples/rtos_location/build/bootloader/bootloader_support\libbootloader_support.a(flash_partitions.o)
                                0x3ba (size before relaxing)
 .debug_str     0x00000d94      0x15f D:/code/ESP8266_RTOS_SDK-master/examples/user_examples/rtos_location/build/bootloader/bootloader_support\libbootloader_support.a(bootloader_common.o)
                                0x3a0 (size before relaxing)
 .debug_str     0x00000ef3      0x543 D:/code/ESP8266_RTOS_SDK-master/examples/user_examples/rtos_location/build/bootloader/spi_flash\libspi_flash.a(spi_flash.o)
                                0x924 (size before relaxing)
 .debug_str     0x00001436      0x120 D:/code/ESP8266_RTOS_SDK-master/examples/user_examples/rtos_location/build/bootloader/spi_flash\libspi_flash.a(spi_flash_raw.o)
                                0x4e1 (size before relaxing)
 .debug_str     0x00001556      0x388 D:/code/ESP8266_RTOS_SDK-master/examples/user_examples/rtos_location/build/bootloader/spi_flash\libspi_flash.a(port.o)
                                0x7e3 (size before relaxing)
 .debug_str     0x000018de      0x13c D:/code/ESP8266_RTOS_SDK-master/examples/user_examples/rtos_location/build/bootloader/log\liblog.a(log.o)
                                0x2e3 (size before relaxing)
 .debug_str     0x00001a1a       0xc9 D:/code/ESP8266_RTOS_SDK-master/examples/user_examples/rtos_location/build/bootloader/esp8266\libesp8266.a(ets_printf.o)
                                0x235 (size before relaxing)
 .debug_str     0x00001ae3       0x71 D:/code/ESP8266_RTOS_SDK-master/examples/user_examples/rtos_location/build/bootloader/util\libutil.a(crc.o)
                                0x195 (size before relaxing)

.comment        0x00000000       0x76
 .comment       0x00000000       0x3c D:/code/ESP8266_RTOS_SDK-master/examples/user_examples/rtos_location/build/bootloader/main\libmain.a(bootloader_start.o)
                                 0x3d (size before relaxing)
 .comment       0x0000003c       0x3d D:/code/ESP8266_RTOS_SDK-master/examples/user_examples/rtos_location/build/bootloader/bootloader_support\libbootloader_support.a(bootloader_utility.o)
 .comment       0x0000003c       0x3d D:/code/ESP8266_RTOS_SDK-master/examples/user_examples/rtos_location/build/bootloader/bootloader_support\libbootloader_support.a(bootloader_init.o)
 .comment       0x0000003c       0x3d D:/code/ESP8266_RTOS_SDK-master/examples/user_examples/rtos_location/build/bootloader/bootloader_support\libbootloader_support.a(bootloader_flash.o)
 .comment       0x0000003c       0x3d D:/code/ESP8266_RTOS_SDK-master/examples/user_examples/rtos_location/build/bootloader/bootloader_support\libbootloader_support.a(esp_image_format.o)
 .comment       0x0000003c       0x3d D:/code/ESP8266_RTOS_SDK-master/examples/user_examples/rtos_location/build/bootloader/bootloader_support\libbootloader_support.a(flash_partitions.o)
 .comment       0x0000003c       0x3d D:/code/ESP8266_RTOS_SDK-master/examples/user_examples/rtos_location/build/bootloader/bootloader_support\libbootloader_support.a(bootloader_common.o)
 .comment       0x0000003c       0x3d D:/code/ESP8266_RTOS_SDK-master/examples/user_examples/rtos_location/build/bootloader/spi_flash\libspi_flash.a(spi_flash.o)
 .comment       0x0000003c       0x3d D:/code/ESP8266_RTOS_SDK-master/examples/user_examples/rtos_location/build/bootloader/spi_flash\libspi_flash.a(spi_flash_raw.o)
 .comment       0x0000003c       0x3d D:/code/ESP8266_RTOS_SDK-master/examples/user_examples/rtos_location/build/bootloader/spi_flash\libspi_flash.a(port.o)
 .comment       0x0000003c       0x3d D:/code/ESP8266_RTOS_SDK-master/examples/user_examples/rtos_location/build/bootloader/log\liblog.a(log.o)
 .comment       0x0000003c       0x3d D:/code/ESP8266_RTOS_SDK-master/examples/user_examples/rtos_location/build/bootloader/esp8266\libesp8266.a(ets_printf.o)
 .comment       0x0000003c       0x3d D:/code/ESP8266_RTOS_SDK-master/examples/user_examples/rtos_location/build/bootloader/util\libutil.a(crc.o)
 .comment       0x0000003c       0x3a D:/code/ESP8266_RTOS_SDK/components/esp8266/lib\libcore.a(phy.o)
                                 0x3b (size before relaxing)
 .comment       0x00000076       0x3b D:/code/ESP8266_RTOS_SDK/components/esp8266/lib\libcore.a(uart.o)

.xtensa.info    0x00000000       0x38
 .xtensa.info   0x00000000       0x38 D:/code/ESP8266_RTOS_SDK-master/examples/user_examples/rtos_location/build/bootloader/main\libmain.a(bootloader_start.o)
 .xtensa.info   0x00000038        0x0 D:/code/ESP8266_RTOS_SDK-master/examples/user_examples/rtos_location/build/bootloader/bootloader_support\libbootloader_support.a(bootloader_utility.o)
 .xtensa.info   0x00000038        0x0 D:/code/ESP8266_RTOS_SDK-master/examples/user_examples/rtos_location/build/bootloader/bootloader_support\libbootloader_support.a(bootloader_init.o)
 .xtensa.info   0x00000038        0x0 D:/code/ESP8266_RTOS_SDK-master/examples/user_examples/rtos_location/build/bootloader/bootloader_support\libbootloader_support.a(bootloader_flash.o)
 .xtensa.info   0x00000038        0x0 D:/code/ESP8266_RTOS_SDK-master/examples/user_examples/rtos_location/build/bootloader/bootloader_support\libbootloader_support.a(esp_image_format.o)
 .xtensa.info   0x00000038        0x0 D:/code/ESP8266_RTOS_SDK-master/examples/user_examples/rtos_location/build/bootloader/bootloader_support\libbootloader_support.a(flash_partitions.o)
 .xtensa.info   0x00000038        0x0 D:/code/ESP8266_RTOS_SDK-master/examples/user_examples/rtos_location/build/bootloader/bootloader_support\libbootloader_support.a(bootloader_common.o)
 .xtensa.info   0x00000038        0x0 D:/code/ESP8266_RTOS_SDK-master/examples/user_examples/rtos_location/build/bootloader/spi_flash\libspi_flash.a(spi_flash.o)
 .xtensa.info   0x00000038        0x0 D:/code/ESP8266_RTOS_SDK-master/examples/user_examples/rtos_location/build/bootloader/spi_flash\libspi_flash.a(spi_flash_raw.o)
 .xtensa.info   0x00000038        0x0 D:/code/ESP8266_RTOS_SDK-master/examples/user_examples/rtos_location/build/bootloader/spi_flash\libspi_flash.a(port.o)
 .xtensa.info   0x00000038        0x0 D:/code/ESP8266_RTOS_SDK-master/examples/user_examples/rtos_location/build/bootloader/log\liblog.a(log.o)
 .xtensa.info   0x00000038        0x0 D:/code/ESP8266_RTOS_SDK-master/examples/user_examples/rtos_location/build/bootloader/esp8266\libesp8266.a(ets_printf.o)
 .xtensa.info   0x00000038        0x0 D:/code/ESP8266_RTOS_SDK-master/examples/user_examples/rtos_location/build/bootloader/util\libutil.a(crc.o)
 .xtensa.info   0x00000038        0x0 D:/code/ESP8266_RTOS_SDK/components/esp8266/lib\libcore.a(phy.o)
 .xtensa.info   0x00000038        0x0 D:/code/ESP8266_RTOS_SDK/components/esp8266/lib\libcore.a(uart.o)
